C:/ST/XIP/Middlewares/ST/STM32_ExtMem_Manager/sal/stm32_sal_xspi.c:185:19:SAL_XSPI_SetClock	32	static
C:/ST/XIP/Middlewares/ST/STM32_ExtMem_Manager/sal/stm32_sal_xspi.c:230:19:SAL_XSPI_Init	96	static
C:/ST/XIP/Middlewares/ST/STM32_ExtMem_Manager/sal/stm32_sal_xspi.c:279:19:SAL_XSPI_EnableQuadMode	120	static
C:/ST/XIP/Middlewares/ST/STM32_ExtMem_Manager/sal/stm32_sal_xspi.c:346:19:SAL_XSPI_MemoryConfig	104	static
C:/ST/XIP/Middlewares/ST/STM32_ExtMem_Manager/sal/stm32_sal_xspi.c:538:19:SAL_XSPI_GetSFDP	104	static
C:/ST/XIP/Middlewares/ST/STM32_ExtMem_Manager/sal/stm32_sal_xspi.c:591:19:SAL_XSPI_GetId	104	static
C:/ST/XIP/Middlewares/ST/STM32_ExtMem_Manager/sal/stm32_sal_xspi.c:672:19:SAL_XSPI_Read	104	static
C:/ST/XIP/Middlewares/ST/STM32_ExtMem_Manager/sal/stm32_sal_xspi.c:728:19:SAL_XSPI_Write	104	static
C:/ST/XIP/Middlewares/ST/STM32_ExtMem_Manager/sal/stm32_sal_xspi.c:811:19:SAL_XSPI_CommandSendAddress	104	static
C:/ST/XIP/Middlewares/ST/STM32_ExtMem_Manager/sal/stm32_sal_xspi.c:848:19:SAL_XSPI_CommandSendData	104	static
C:/ST/XIP/Middlewares/ST/STM32_ExtMem_Manager/sal/stm32_sal_xspi.c:891:19:SAL_XSPI_SendReadCommand	104	static
C:/ST/XIP/Middlewares/ST/STM32_ExtMem_Manager/sal/stm32_sal_xspi.c:937:19:SAL_XSPI_CommandSendReadAddress	104	static
C:/ST/XIP/Middlewares/ST/STM32_ExtMem_Manager/sal/stm32_sal_xspi.c:994:19:SAL_XSPI_CheckStatusRegister	128	static
C:/ST/XIP/Middlewares/ST/STM32_ExtMem_Manager/sal/stm32_sal_xspi.c:1060:19:SAL_XSPI_ConfigureWrappMode	96	static
C:/ST/XIP/Middlewares/ST/STM32_ExtMem_Manager/sal/stm32_sal_xspi.c:1094:19:SAL_XSPI_EnableMapMode	112	static
C:/ST/XIP/Middlewares/ST/STM32_ExtMem_Manager/sal/stm32_sal_xspi.c:1189:19:SAL_XSPI_DisableMapMode	16	static,ignoring_inline_asm
C:/ST/XIP/Middlewares/ST/STM32_ExtMem_Manager/sal/stm32_sal_xspi.c:1201:19:SAL_XSPI_UpdateMemoryType	24	static
C:/ST/XIP/Middlewares/ST/STM32_ExtMem_Manager/sal/stm32_sal_xspi.c:1237:19:SAL_XSPI_Abort	16	static
C:/ST/XIP/Middlewares/ST/STM32_ExtMem_Manager/sal/stm32_sal_xspi.c:1257:10:XSPI_FormatCommand	24	static
C:/ST/XIP/Middlewares/ST/STM32_ExtMem_Manager/sal/stm32_sal_xspi.c:1292:19:XSPI_Transmit	24	static
C:/ST/XIP/Middlewares/ST/STM32_ExtMem_Manager/sal/stm32_sal_xspi.c:1334:19:XSPI_Receive	24	static
