C:/ST/XIP/Middlewares/ST/STM32_ExtMem_Manager/nor_sfdp/stm32_sfdp_data.c:1175:20:SFDP_ReadHeader	24	static
C:/ST/XIP/Middlewares/ST/STM32_ExtMem_Manager/nor_sfdp/stm32_sfdp_data.c:1226:20:SFDP_GetHeader	48	static
C:/ST/XIP/Middlewares/ST/STM32_ExtMem_Manager/nor_sfdp/stm32_sfdp_data.c:1283:20:SFDP_CollectData	40	static
C:/ST/XIP/Middlewares/ST/STM32_ExtMem_Manager/nor_sfdp/stm32_sfdp_data.c:1357:20:SFDP_MemoryReset	32	static
C:/ST/XIP/Middlewares/ST/STM32_ExtMem_Manager/nor_sfdp/stm32_sfdp_data.c:1504:20:SFDP_BuildGenericDriver	80	static
C:/ST/XIP/Middlewares/ST/STM32_ExtMem_Manager/nor_sfdp/stm32_sfdp_data.c:2335:38:driver_check_FlagBUSY	56	static
C:/ST/XIP/Middlewares/ST/STM32_ExtMem_Manager/nor_sfdp/stm32_sfdp_data.c:2370:10:sfdp_getfrequencevalue	56	static
C:/ST/XIP/Middlewares/ST/STM32_ExtMem_Manager/nor_sfdp/stm32_sfdp_data.c:2389:20:sfdp_get_paraminfo	40	static
C:/ST/XIP/Middlewares/ST/STM32_ExtMem_Manager/nor_sfdp/stm32_sfdp_data.c:2525:20:sfdp_enter_octal_mode	32	static
C:/ST/XIP/Middlewares/ST/STM32_ExtMem_Manager/nor_sfdp/stm32_sfdp_data.c:2642:20:sfdp_set_dummycycle	64	static
C:/ST/XIP/Middlewares/ST/STM32_ExtMem_Manager/nor_sfdp/stm32_sfdp_data.c:2745:20:JEDEC_Basic_ManageQuadEnableRequirement	24	static
C:/ST/XIP/Middlewares/ST/STM32_ExtMem_Manager/nor_sfdp/stm32_sfdp_data.c:2887:20:JEDEC_Basic_Manage4S4S4SEnableSequence	24	static
C:/ST/XIP/Middlewares/ST/STM32_ExtMem_Manager/nor_sfdp/stm32_sfdp_data.c:2944:20:CheckSFDP_Signature	24	static
