Archive member included to satisfy reference by file (symbol)

C:/ST/STM32CubeIDE_2.0.0/STM32CubeIDE/plugins/com.st.stm32cube.ide.mcu.externaltools.gnu-tools-for-stm32.13.3.rel1.win32_1.0.100.202509120712/tools/bin/../lib/gcc/arm-none-eabi/13.3.1/../../../../arm-none-eabi/lib/thumb/v8-m.main+dp/hard\libc_nano.a(libc_a-exit.o)
                              C:/ST/STM32CubeIDE_2.0.0/STM32CubeIDE/plugins/com.st.stm32cube.ide.mcu.externaltools.gnu-tools-for-stm32.13.3.rel1.win32_1.0.100.202509120712/tools/bin/../lib/gcc/arm-none-eabi/13.3.1/../../../../arm-none-eabi/lib/thumb/v8-m.main+dp/hard/crt0.o (exit)
C:/ST/STM32CubeIDE_2.0.0/STM32CubeIDE/plugins/com.st.stm32cube.ide.mcu.externaltools.gnu-tools-for-stm32.13.3.rel1.win32_1.0.100.202509120712/tools/bin/../lib/gcc/arm-none-eabi/13.3.1/../../../../arm-none-eabi/lib/thumb/v8-m.main+dp/hard\libc_nano.a(libc_a-findfp.o)
                              C:/ST/STM32CubeIDE_2.0.0/STM32CubeIDE/plugins/com.st.stm32cube.ide.mcu.externaltools.gnu-tools-for-stm32.13.3.rel1.win32_1.0.100.202509120712/tools/bin/../lib/gcc/arm-none-eabi/13.3.1/../../../../arm-none-eabi/lib/thumb/v8-m.main+dp/hard\libc_nano.a(libc_a-exit.o) (__stdio_exit_handler)
C:/ST/STM32CubeIDE_2.0.0/STM32CubeIDE/plugins/com.st.stm32cube.ide.mcu.externaltools.gnu-tools-for-stm32.13.3.rel1.win32_1.0.100.202509120712/tools/bin/../lib/gcc/arm-none-eabi/13.3.1/../../../../arm-none-eabi/lib/thumb/v8-m.main+dp/hard\libc_nano.a(libc_a-fwalk.o)
                              C:/ST/STM32CubeIDE_2.0.0/STM32CubeIDE/plugins/com.st.stm32cube.ide.mcu.externaltools.gnu-tools-for-stm32.13.3.rel1.win32_1.0.100.202509120712/tools/bin/../lib/gcc/arm-none-eabi/13.3.1/../../../../arm-none-eabi/lib/thumb/v8-m.main+dp/hard\libc_nano.a(libc_a-findfp.o) (_fwalk_sglue)
C:/ST/STM32CubeIDE_2.0.0/STM32CubeIDE/plugins/com.st.stm32cube.ide.mcu.externaltools.gnu-tools-for-stm32.13.3.rel1.win32_1.0.100.202509120712/tools/bin/../lib/gcc/arm-none-eabi/13.3.1/../../../../arm-none-eabi/lib/thumb/v8-m.main+dp/hard\libc_nano.a(libc_a-stdio.o)
                              C:/ST/STM32CubeIDE_2.0.0/STM32CubeIDE/plugins/com.st.stm32cube.ide.mcu.externaltools.gnu-tools-for-stm32.13.3.rel1.win32_1.0.100.202509120712/tools/bin/../lib/gcc/arm-none-eabi/13.3.1/../../../../arm-none-eabi/lib/thumb/v8-m.main+dp/hard\libc_nano.a(libc_a-findfp.o) (__sread)
C:/ST/STM32CubeIDE_2.0.0/STM32CubeIDE/plugins/com.st.stm32cube.ide.mcu.externaltools.gnu-tools-for-stm32.13.3.rel1.win32_1.0.100.202509120712/tools/bin/../lib/gcc/arm-none-eabi/13.3.1/../../../../arm-none-eabi/lib/thumb/v8-m.main+dp/hard\libc_nano.a(libc_a-memset.o)
                              C:/ST/STM32CubeIDE_2.0.0/STM32CubeIDE/plugins/com.st.stm32cube.ide.mcu.externaltools.gnu-tools-for-stm32.13.3.rel1.win32_1.0.100.202509120712/tools/bin/../lib/gcc/arm-none-eabi/13.3.1/../../../../arm-none-eabi/lib/thumb/v8-m.main+dp/hard/crt0.o (memset)
C:/ST/STM32CubeIDE_2.0.0/STM32CubeIDE/plugins/com.st.stm32cube.ide.mcu.externaltools.gnu-tools-for-stm32.13.3.rel1.win32_1.0.100.202509120712/tools/bin/../lib/gcc/arm-none-eabi/13.3.1/../../../../arm-none-eabi/lib/thumb/v8-m.main+dp/hard\libc_nano.a(libc_a-closer.o)
                              C:/ST/STM32CubeIDE_2.0.0/STM32CubeIDE/plugins/com.st.stm32cube.ide.mcu.externaltools.gnu-tools-for-stm32.13.3.rel1.win32_1.0.100.202509120712/tools/bin/../lib/gcc/arm-none-eabi/13.3.1/../../../../arm-none-eabi/lib/thumb/v8-m.main+dp/hard\libc_nano.a(libc_a-stdio.o) (_close_r)
C:/ST/STM32CubeIDE_2.0.0/STM32CubeIDE/plugins/com.st.stm32cube.ide.mcu.externaltools.gnu-tools-for-stm32.13.3.rel1.win32_1.0.100.202509120712/tools/bin/../lib/gcc/arm-none-eabi/13.3.1/../../../../arm-none-eabi/lib/thumb/v8-m.main+dp/hard\libc_nano.a(libc_a-reent.o)
                              C:/ST/STM32CubeIDE_2.0.0/STM32CubeIDE/plugins/com.st.stm32cube.ide.mcu.externaltools.gnu-tools-for-stm32.13.3.rel1.win32_1.0.100.202509120712/tools/bin/../lib/gcc/arm-none-eabi/13.3.1/../../../../arm-none-eabi/lib/thumb/v8-m.main+dp/hard\libc_nano.a(libc_a-closer.o) (errno)
C:/ST/STM32CubeIDE_2.0.0/STM32CubeIDE/plugins/com.st.stm32cube.ide.mcu.externaltools.gnu-tools-for-stm32.13.3.rel1.win32_1.0.100.202509120712/tools/bin/../lib/gcc/arm-none-eabi/13.3.1/../../../../arm-none-eabi/lib/thumb/v8-m.main+dp/hard\libc_nano.a(libc_a-impure.o)
                              C:/ST/STM32CubeIDE_2.0.0/STM32CubeIDE/plugins/com.st.stm32cube.ide.mcu.externaltools.gnu-tools-for-stm32.13.3.rel1.win32_1.0.100.202509120712/tools/bin/../lib/gcc/arm-none-eabi/13.3.1/../../../../arm-none-eabi/lib/thumb/v8-m.main+dp/hard\libc_nano.a(libc_a-reent.o) (_impure_ptr)
C:/ST/STM32CubeIDE_2.0.0/STM32CubeIDE/plugins/com.st.stm32cube.ide.mcu.externaltools.gnu-tools-for-stm32.13.3.rel1.win32_1.0.100.202509120712/tools/bin/../lib/gcc/arm-none-eabi/13.3.1/../../../../arm-none-eabi/lib/thumb/v8-m.main+dp/hard\libc_nano.a(libc_a-lseekr.o)
[...]
Memory Configuration

Name             Origin             Length             Attributes
ROM              0x34180400         0x0003fc00         xrw
RAM              0x341c0000         0x00040000         xrw
*default*        0x00000000         0xffffffff

Linker script and memory map

LOAD C:/ST/STM32CubeIDE_2.0.0/STM32CubeIDE/plugins/com.st.stm32cube.ide.mcu.externaltools.gnu-tools-for-stm32.13.3.rel1.win32_1.0.100.202509120712/tools/bin/../lib/gcc/arm-none-eabi/13.3.1/thumb/v8-m.main+dp/hard/crti.o
LOAD C:/ST/STM32CubeIDE_2.0.0/STM32CubeIDE/plugins/com.st.stm32cube.ide.mcu.externaltools.gnu-tools-for-stm32.13.3.rel1.win32_1.0.100.202509120712/tools/bin/../lib/gcc/arm-none-eabi/13.3.1/thumb/v8-m.main+dp/hard/crtbegin.o
LOAD C:/ST/STM32CubeIDE_2.0.0/STM32CubeIDE/plugins/com.st.stm32cube.ide.mcu.externaltools.gnu-tools-for-stm32.13.3.rel1.win32_1.0.100.202509120712/tools/bin/../lib/gcc/arm-none-eabi/13.3.1/../../../../arm-none-eabi/lib/thumb/v8-m.main+dp/hard/crt0.o
LOAD ./Core/Src/extmem_manager.o
LOAD ./Core/Src/main.o
LOAD ./Core/Src/stm32n6xx_hal_msp.o
LOAD ./Core/Src/stm32n6xx_it.o
LOAD ./Core/Src/syscalls.o
LOAD ./Core/Src/sysmem.o
LOAD ./Core/Src/system_stm32n6xx_fsbl.o
LOAD ./Core/Startup/startup_stm32n645l0hxq_fsbl.o
LOAD ./Drivers/STM32N6xx_HAL_Driver/stm32n6xx_hal.o
LOAD ./Drivers/STM32N6xx_HAL_Driver/stm32n6xx_hal_cortex.o
LOAD ./Drivers/STM32N6xx_HAL_Driver/stm32n6xx_hal_dma.o
LOAD ./Drivers/STM32N6xx_HAL_Driver/stm32n6xx_hal_dma_ex.o
LOAD ./Drivers/STM32N6xx_HAL_Driver/stm32n6xx_hal_exti.o
LOAD ./Drivers/STM32N6xx_HAL_Driver/stm32n6xx_hal_gpio.o
LOAD ./Drivers/STM32N6xx_HAL_Driver/stm32n6xx_hal_pwr.o
LOAD ./Drivers/STM32N6xx_HAL_Driver/stm32n6xx_hal_pwr_ex.o
LOAD ./Drivers/STM32N6xx_HAL_Driver/stm32n6xx_hal_rcc.o
LOAD ./Drivers/STM32N6xx_HAL_Driver/stm32n6xx_hal_rcc_ex.o
LOAD ./Drivers/STM32N6xx_HAL_Driver/stm32n6xx_hal_xspi.o
LOAD ./Middlewares/ST/STM32_ExtMem_Manager/stm32_boot_xip.o
LOAD ./Middlewares/ST/STM32_ExtMem_Manager/stm32_extmem.o
LOAD ./Middlewares/ST/STM32_ExtMem_Manager/stm32_psram_driver.o
LOAD ./Middlewares/ST/STM32_ExtMem_Manager/stm32_sal_sd.o
LOAD ./Middlewares/ST/STM32_ExtMem_Manager/stm32_sal_xspi.o
LOAD ./Middlewares/ST/STM32_ExtMem_Manager/stm32_sdcard_driver.o
LOAD ./Middlewares/ST/STM32_ExtMem_Manager/stm32_sfdp_data.o
LOAD ./Middlewares/ST/STM32_ExtMem_Manager/stm32_sfdp_driver.o
LOAD ./Middlewares/ST/STM32_ExtMem_Manager/stm32_user_driver.o
START GROUP
LOAD C:/ST/STM32CubeIDE_2.0.0/STM32CubeIDE/plugins/com.st.stm32cube.ide.mcu.externaltools.gnu-tools-for-stm32.13.3.rel1.win32_1.0.100.202509120712/tools/bin/../lib/gcc/arm-none-eabi/13.3.1/../../../../arm-none-eabi/lib/thumb/v8-m.main+dp/hard\libc_nano.a
LOAD C:/ST/STM32CubeIDE_2.0.0/STM32CubeIDE/plugins/com.st.stm32cube.ide.mcu.externaltools.gnu-tools-for-stm32.13.3.rel1.win32_1.0.100.202509120712/tools/bin/../lib/gcc/arm-none-eabi/13.3.1/../../../../arm-none-eabi/lib/thumb/v8-m.main+dp/hard\libm.a
END GROUP
START GROUP
LOAD C:/ST/STM32CubeIDE_2.0.0/STM32CubeIDE/plugins/com.st.stm32cube.ide.mcu.externaltools.gnu-tools-for-stm32.13.3.rel1.win32_1.0.100.202509120712/tools/bin/../lib/gcc/arm-none-eabi/13.3.1/thumb/v8-m.main+dp/hard\libgcc.a
LOAD C:/ST/STM32CubeIDE_2.0.0/STM32CubeIDE/plugins/com.st.stm32cube.ide.mcu.externaltools.gnu-tools-for-stm32.13.3.rel1.win32_1.0.100.202509120712/tools/bin/../lib/gcc/arm-none-eabi/13.3.1/../../../../arm-none-eabi/lib/thumb/v8-m.main+dp/hard\libc_nano.a
END GROUP
START GROUP
LOAD C:/ST/STM32CubeIDE_2.0.0/STM32CubeIDE/plugins/com.st.stm32cube.ide.mcu.externaltools.gnu-tools-for-stm32.13.3.rel1.win32_1.0.100.202509120712/tools/bin/../lib/gcc/arm-none-eabi/13.3.1/thumb/v8-m.main+dp/hard\libgcc.a
LOAD C:/ST/STM32CubeIDE_2.0.0/STM32CubeIDE/plugins/com.st.stm32cube.ide.mcu.externaltools.gnu-tools-for-stm32.13.3.rel1.win32_1.0.100.202509120712/tools/bin/../lib/gcc/arm-none-eabi/13.3.1/../../../../arm-none-eabi/lib/thumb/v8-m.main+dp/hard\libc_nano.a
LOAD C:/ST/STM32CubeIDE_2.0.0/STM32CubeIDE/plugins/com.st.stm32cube.ide.mcu.externaltools.gnu-tools-for-stm32.13.3.rel1.win32_1.0.100.202509120712/tools/bin/../lib/gcc/arm-none-eabi/13.3.1/../../../../arm-none-eabi/lib/thumb/v8-m.main+dp/hard\libnosys.a
END GROUP
START GROUP
LOAD C:/ST/STM32CubeIDE_2.0.0/STM32CubeIDE/plugins/com.st.stm32cube.ide.mcu.externaltools.gnu-tools-for-stm32.13.3.rel1.win32_1.0.100.202509120712/tools/bin/../lib/gcc/arm-none-eabi/13.3.1/thumb/v8-m.main+dp/hard\libgcc.a
LOAD C:/ST/STM32CubeIDE_2.0.0/STM32CubeIDE/plugins/com.st.stm32cube.ide.mcu.externaltools.gnu-tools-for-stm32.13.3.rel1.win32_1.0.100.202509120712/tools/bin/../lib/gcc/arm-none-eabi/13.3.1/../../../../arm-none-eabi/lib/thumb/v8-m.main+dp/hard\libc_nano.a
LOAD C:/ST/STM32CubeIDE_2.0.0/STM32CubeIDE/plugins/com.st.stm32cube.ide.mcu.externaltools.gnu-tools-for-stm32.13.3.rel1.win32_1.0.100.202509120712/tools/bin/../lib/gcc/arm-none-eabi/13.3.1/../../../../arm-none-eabi/lib/thumb/v8-m.main+dp/hard\libnosys.a
END GROUP
LOAD C:/ST/STM32CubeIDE_2.0.0/STM32CubeIDE/plugins/com.st.stm32cube.ide.mcu.externaltools.gnu-tools-for-stm32.13.3.rel1.win32_1.0.100.202509120712/tools/bin/../lib/gcc/arm-none-eabi/13.3.1/thumb/v8-m.main+dp/hard/crtend.o
LOAD C:/ST/STM32CubeIDE_2.0.0/STM32CubeIDE/plugins/com.st.stm32cube.ide.mcu.externaltools.gnu-tools-for-stm32.13.3.rel1.win32_1.0.100.202509120712/tools/bin/../lib/gcc/arm-none-eabi/13.3.1/thumb/v8-m.main+dp/hard/crtn.o
                0x34200000                        _estack = (ORIGIN (RAM) + LENGTH (RAM))
                0x341ff800                        _sstack = (_estack - _Min_Stack_Size)
                0x00000200                        _Min_Heap_Size = 0x200
                0x00000800                        _Min_Stack_Size = 0x800

.isr_vector     0x34180400      0x34c
                0x34180400                        . = ALIGN (0x4)
 *(.isr_vector)
 .isr_vector    0x34180400      0x34c ./Core/Startup/startup_stm32n645l0hxq_fsbl.o
                0x34180400                g_pfnVectors
                0x3418074c                        . = ALIGN (0x4)

.text           0x3418074c     0xe9d0
                0x3418074c                        . = ALIGN (0x4)
 *(.text)
 .text          0x3418074c       0x40 C:/ST/STM32CubeIDE_2.0.0/STM32CubeIDE/plugins/com.st.stm32cube.ide.mcu.externaltools.gnu-tools-for-stm32.13.3.rel1.win32_1.0.100.202509120712/tools/bin/../lib/gcc/arm-none-eabi/13.3.1/thumb/v8-m.main+dp/hard/crtbegin.o
 *(.text*)
 .text.MX_EXTMEM_MANAGER_Init
                0x3418078c       0x44 ./Core/Src/extmem_manager.o
                0x3418078c                MX_EXTMEM_MANAGER_Init
 .text.LL_AHB4_GRP1_EnableClock
                0x341807d0       0x2c ./Core/Src/main.o
 .text.main     0x341807fc       0x2c ./Core/Src/main.o
                0x341807fc                main
 .text.SystemClock_Config
                0x34180828      0x134 ./Core/Src/main.o
                0x34180828                SystemClock_Config
 .text.MX_XSPI2_Init
                0x3418095c       0xb8 ./Core/Src/main.o
 .text.MX_GPIO_Init
                0x34180a14       0x10 ./Core/Src/main.o
 .text.Error_Handler
                0x34180a24        0xc ./Core/Src/main.o
                0x34180a24                Error_Handler
 .text.LL_AHB4_GRP1_EnableClock
                0x34180a30       0x2c ./Core/Src/stm32n6xx_hal_msp.o
 .text.LL_AHB5_GRP1_EnableClock
                0x34180a5c       0x2c ./Core/Src/stm32n6xx_hal_msp.o
 .text.HAL_MspInit
                0x34180a88        0xc ./Core/Src/stm32n6xx_hal_msp.o
                0x34180a88                HAL_MspInit
 .text.HAL_XSPI_MspInit
                0x34180a94       0xf0 ./Core/Src/stm32n6xx_hal_msp.o
                0x34180a94                HAL_XSPI_MspInit
 .text.NMI_Handler
                0x34180b84        0x8 ./Core/Src/stm32n6xx_it.o
                0x34180b84                NMI_Handler
 .text.HardFault_Handler
                0x34180b8c        0x8 ./Core/Src/stm32n6xx_it.o
                0x34180b8c                HardFault_Handler
 .text.MemManage_Handler
                0x34180b94        0x8 ./Core/Src/stm32n6xx_it.o
                0x34180b94                MemManage_Handler
 .text.BusFault_Handler
                0x34180b9c        0x8 ./Core/Src/stm32n6xx_it.o
                0x34180b9c                BusFault_Handler
 .text.UsageFault_Handler
                0x34180ba4        0x8 ./Core/Src/stm32n6xx_it.o
                0x34180ba4                UsageFault_Handler
 .text.SecureFault_Handler
                0x34180bac        0x8 ./Core/Src/stm32n6xx_it.o
                0x34180bac                SecureFault_Handler
 .text.SVC_Handler
                0x34180bb4        0xe ./Core/Src/stm32n6xx_it.o
                0x34180bb4                SVC_Handler
 .text.DebugMon_Handler
                0x34180bc2        0xe ./Core/Src/stm32n6xx_it.o
                0x34180bc2                DebugMon_Handler
 .text.PendSV_Handler
                0x34180bd0        0xe ./Core/Src/stm32n6xx_it.o
                0x34180bd0                PendSV_Handler
 .text.SysTick_Handler
                0x34180bde        0xc ./Core/Src/stm32n6xx_it.o
                0x34180bde                SysTick_Handler
 *fill*         0x34180bea        0x2 
 .text.SystemInit
                0x34180bec      0x218 ./Core/Src/system_stm32n6xx_fsbl.o
                0x34180bec                SystemInit
 .text.SystemCoreClockUpdate
                0x34180e04      0x350 ./Core/Src/system_stm32n6xx_fsbl.o
                0x34180e04                SystemCoreClockUpdate
 .text.SECURE_SystemCoreClockUpdate
                0x34181154       0x2c ./Core/Src/system_stm32n6xx_fsbl.o
                0x34181154                __acle_se_SECURE_SystemCoreClockUpdate
 .text.Reset_Handler
                0x34181180       0x5c ./Core/Startup/startup_stm32n645l0hxq_fsbl.o
                0x34181180                Reset_Handler
 .text.Default_Handler
                0x341811dc        0x2 ./Core/Startup/startup_stm32n645l0hxq_fsbl.o
                0x341811dc                HPDMA1_Channel13_IRQHandler
                0x341811dc                EXTI2_IRQHandler
                0x341811dc                TIM8_CC_IRQHandler
                0x341811dc                USB2_OTG_HS_IRQHandler
                0x341811dc                SAI1_A_IRQHandler
                0x341811dc                EXTI5_IRQHandler
                0x341811dc                I3C1_ER_IRQHandler
                0x341811dc                UART8_IRQHandler
                0x341811dc                CTI_INT0_IRQHandler
                0x341811dc                SPI4_IRQHandler
                0x341811dc                LTDC_LO_IRQHandler
                0x341811dc                FDCAN3_IT0_IRQHandler
                0x341811dc                EXTI13_IRQHandler
                0x341811dc                TIM1_CC_IRQHandler
                0x341811dc                XSPI1_IRQHandler
                0x341811dc                TIM10_IRQHandler
                0x341811dc                JPEG_IRQHandler
                0x341811dc                TAMP_IRQHandler
                0x341811dc                CACHE_ECC_IRQHandler
                0x341811dc                TIM6_IRQHandler
                0x341811dc                CSI_IRQHandler
                0x341811dc                EXTI12_IRQHandler
                0x341811dc                GFXTIM_IRQHandler
                0x341811dc                EXTI3_IRQHandler
                0x341811dc                LPTIM4_IRQHandler
                0x341811dc                GPDMA1_Channel5_IRQHandler
                0x341811dc                EXTI8_IRQHandler
                0x341811dc                LPTIM2_IRQHandler
                0x341811dc                GFXMMU_IRQHandler
                0x341811dc                LTDC_LO_ERR_IRQHandler
                0x341811dc                I2C3_ER_IRQHandler
                0x341811dc                RIFSC_TAMPER_IRQHandler
                0x341811dc                USART10_IRQHandler
                0x341811dc                MDF1_FLT2_IRQHandler
                0x341811dc                LPTIM3_IRQHandler
                0x341811dc                SAI2_A_IRQHandler
                0x341811dc                EXTI0_IRQHandler
                0x341811dc                HPDMA1_Channel9_IRQHandler
                0x341811dc                I2C2_EV_IRQHandler
                0x341811dc                GPU2D_IRQHandler
                0x341811dc                FPU_IRQHandler
                0x341811dc                GPDMA1_Channel3_IRQHandler
                0x341811dc                GPDMA1_Channel7_IRQHandler
                0x341811dc                MDF1_FLT4_IRQHandler
                0x341811dc                FDCAN1_IT1_IRQHandler
                0x341811dc                HPDMA1_Channel3_IRQHandler
                0x341811dc                ADC1_2_IRQHandler
                0x341811dc                GPDMA1_Channel9_IRQHandler
                0x341811dc                SPI1_IRQHandler
                0x341811dc                SAI1_B_IRQHandler
                0x341811dc                GPDMA1_Channel2_IRQHandler
                0x341811dc                PAHB_ERR_IRQHandler
                0x341811dc                TIM8_UP_IRQHandler
                0x341811dc                RCC_S_IRQHandler
                0x341811dc                MDF1_FLT1_IRQHandler
                0x341811dc                LTDC_UP_IRQHandler
                0x341811dc                LOCKUP_IRQHandler
                0x341811dc                PKA_IRQHandler
                0x341811dc                USART6_IRQHandler
                0x341811dc                HPDMA1_Channel2_IRQHandler
                0x341811dc                MDF1_FLT5_IRQHandler
                0x341811dc                I3C2_ER_IRQHandler
                0x341811dc                EXTI15_IRQHandler
                0x341811dc                TIM17_IRQHandler
                0x341811dc                USART3_IRQHandler
                0x341811dc                HPDMA1_Channel6_IRQHandler
                0x341811dc                RTC_IRQHandler
                0x341811dc                XSPI2_IRQHandler
                0x341811dc                EXTI9_IRQHandler
                0x341811dc                IAC_IRQHandler
                0x341811dc                HPDMA1_Channel0_IRQHandler
                0x341811dc                LPTIM5_IRQHandler
                0x341811dc                HPDMA1_Channel1_IRQHandler
                0x341811dc                UART5_IRQHandler
                0x341811dc                TIM4_IRQHandler
                0x341811dc                I3C2_EV_IRQHandler
                0x341811dc                I2C1_EV_IRQHandler
                0x341811dc                FDCAN_CU_IRQHandler
                0x341811dc                GPDMA1_Channel12_IRQHandler
                0x341811dc                HPDMA1_Channel7_IRQHandler
                0x341811dc                GPDMA1_Channel1_IRQHandler
                0x341811dc                TIM16_IRQHandler
                0x341811dc                GPDMA1_Channel15_IRQHandler
                0x341811dc                UART4_IRQHandler
                0x341811dc                TCM_ECC_IRQHandler
                0x341811dc                TIM3_IRQHandler
                0x341811dc                RCC_IRQHandler
                0x341811dc                UART9_IRQHandler
                0x341811dc                SAI2_B_IRQHandler
                0x341811dc                Default_Handler
                0x341811dc                GPDMA1_Channel8_IRQHandler
                0x341811dc                HPDMA1_Channel8_IRQHandler
                0x341811dc                TIM18_IRQHandler
                0x341811dc                TIM14_IRQHandler
                0x341811dc                TIM13_IRQHandler
                0x341811dc                CTI_INT1_IRQHandler
                0x341811dc                GPDMA1_Channel11_IRQHandler
                0x341811dc                GPU2D_ER_IRQHandler
                0x341811dc                SPI5_IRQHandler
                0x341811dc                TIM12_IRQHandler
                0x341811dc                TIM7_IRQHandler
                0x341811dc                FDCAN3_IT1_IRQHandler
                0x341811dc                HPDMA1_Channel10_IRQHandler
                0x341811dc                SDMMC1_IRQHandler
                0x341811dc                TIM5_IRQHandler
                0x341811dc                UCPD1_IRQHandler
                0x341811dc                GPDMA1_Channel0_IRQHandler
                0x341811dc                I3C1_EV_IRQHandler
                0x341811dc                HPDMA1_Channel5_IRQHandler
                0x341811dc                TIM15_IRQHandler
                0x341811dc                I2C3_EV_IRQHandler
                0x341811dc                HPDMA1_Channel4_IRQHandler
                0x341811dc                HPDMA1_Channel15_IRQHandler
                0x341811dc                TIM9_IRQHandler
                0x341811dc                ETH1_IRQHandler
                0x341811dc                USB1_OTG_HS_IRQHandler
                0x341811dc                PVD_PVM_IRQHandler
                0x341811dc                SPI2_IRQHandler
                0x341811dc                TIM1_TRG_CCU_IRQHandler
                0x341811dc                HPDMA1_Channel11_IRQHandler
                0x341811dc                EXTI14_IRQHandler
                0x341811dc                EXTI11_IRQHandler
                0x341811dc                VENC_IRQHandler
                0x341811dc                GPDMA1_Channel14_IRQHandler
                0x341811dc                EXTI4_IRQHandler
                0x341811dc                RTC_S_IRQHandler
                0x341811dc                GPDMA1_Channel13_IRQHandler
                0x341811dc                RNG_IRQHandler
                0x341811dc                XSPI3_IRQHandler
                0x341811dc                FDCAN2_IT1_IRQHandler
                0x341811dc                TIM1_UP_IRQHandler
                0x341811dc                BCK_ECC_IRQHandler
                0x341811dc                WWDG_IRQHandler
                0x341811dc                SPI6_IRQHandler
                0x341811dc                MDIOS_IRQHandler
                0x341811dc                I2C4_EV_IRQHandler
                0x341811dc                FDCAN2_IT0_IRQHandler
                0x341811dc                IWDG_IRQHandler
                0x341811dc                HPDMA1_Channel14_IRQHandler
                0x341811dc                LPUART1_IRQHandler
                0x341811dc                FDCAN1_IT0_IRQHandler
                0x341811dc                MDF1_FLT0_IRQHandler
                0x341811dc                TIM2_IRQHandler
                0x341811dc                GPDMA1_Channel4_IRQHandler
                0x341811dc                EXTI7_IRQHandler
                0x341811dc                DMA2D_IRQHandler
                0x341811dc                TIM1_BRK_IRQHandler
                0x341811dc                EXTI1_IRQHandler
                0x341811dc                SDMMC2_IRQHandler
                0x341811dc                TIM11_IRQHandler
                0x341811dc                LTDC_UP_ERR_IRQHandler
                0x341811dc                UART7_IRQHandler
                0x341811dc                DTS_IRQHandler
                0x341811dc                MDF1_FLT3_IRQHandler
                0x341811dc                USART2_IRQHandler
                0x341811dc                GPDMA1_Channel6_IRQHandler
                0x341811dc                ADF1_FLT0_IRQHandler
                0x341811dc                I2C2_ER_IRQHandler
                0x341811dc                SPDIFRX_IRQHandler
                0x341811dc                TIM8_BRK_IRQHandler
                0x341811dc                HPDMA1_Channel12_IRQHandler
                0x341811dc                USART1_IRQHandler
                0x341811dc                EXTI10_IRQHandler
                0x341811dc                SPI3_IRQHandler
                0x341811dc                WAKEUP_PIN_IRQHandler
                0x341811dc                DCMIPP_IRQHandler
                0x341811dc                I2C1_ER_IRQHandler
                0x341811dc                FMC_IRQHandler
                0x341811dc                EXTI6_IRQHandler
                0x341811dc                LPTIM1_IRQHandler
                0x341811dc                DCMI_PSSI_IRQHandler
                0x341811dc                TIM8_TRG_CCU_IRQHandler
                0x341811dc                I2C4_ER_IRQHandler
                0x341811dc                GPDMA1_Channel10_IRQHandler
                0x341811dc                ICACHE_IRQHandler
                0x341811dc                HASH_IRQHandler
 .text.HAL_Init
                0x341811de       0x28 ./Drivers/STM32N6xx_HAL_Driver/stm32n6xx_hal.o
                0x341811de                HAL_Init
 *fill*         0x34181206        0x2 
 .text.HAL_InitTick
                0x34181208       0x6c ./Drivers/STM32N6xx_HAL_Driver/stm32n6xx_hal.o
                0x34181208                HAL_InitTick
 .text.HAL_IncTick
                0x34181274       0x28 ./Drivers/STM32N6xx_HAL_Driver/stm32n6xx_hal.o
                0x34181274                HAL_IncTick
 .text.HAL_GetTick
                0x3418129c       0x18 ./Drivers/STM32N6xx_HAL_Driver/stm32n6xx_hal.o
                0x3418129c                HAL_GetTick
 .text.HAL_Delay
                0x341812b4       0x48 ./Drivers/STM32N6xx_HAL_Driver/stm32n6xx_hal.o
                0x341812b4                HAL_Delay
 .text.HAL_SuspendTick
                0x341812fc       0x20 ./Drivers/STM32N6xx_HAL_Driver/stm32n6xx_hal.o
                0x341812fc                HAL_SuspendTick
 .text.__NVIC_SetPriorityGrouping
                0x3418131c       0x48 ./Drivers/STM32N6xx_HAL_Driver/stm32n6xx_hal_cortex.o
 .text.__NVIC_GetPriorityGrouping
                0x34181364       0x1c ./Drivers/STM32N6xx_HAL_Driver/stm32n6xx_hal_cortex.o
 .text.__NVIC_SetPriority
                0x34181380       0x54 ./Drivers/STM32N6xx_HAL_Driver/stm32n6xx_hal_cortex.o
 .text.NVIC_EncodePriority
                0x341813d4       0x66 ./Drivers/STM32N6xx_HAL_Driver/stm32n6xx_hal_cortex.o
 *fill*         0x3418143a        0x2 
 .text.SysTick_Config
                0x3418143c       0x44 ./Drivers/STM32N6xx_HAL_Driver/stm32n6xx_hal_cortex.o
 .text.HAL_NVIC_SetPriorityGrouping
                0x34181480       0x16 ./Drivers/STM32N6xx_HAL_Driver/stm32n6xx_hal_cortex.o
                0x34181480                HAL_NVIC_SetPriorityGrouping
 .text.HAL_NVIC_SetPriority
                0x34181496       0x3a ./Drivers/STM32N6xx_HAL_Driver/stm32n6xx_hal_cortex.o
                0x34181496                HAL_NVIC_SetPriority
 .text.HAL_SYSTICK_Config
                0x341814d0       0x18 ./Drivers/STM32N6xx_HAL_Driver/stm32n6xx_hal_cortex.o
                0x341814d0                HAL_SYSTICK_Config
 .text.HAL_DMA_Abort
                0x341814e8       0xf8 ./Drivers/STM32N6xx_HAL_Driver/stm32n6xx_hal_dma.o
                0x341814e8                HAL_DMA_Abort
 .text.HAL_GPIO_Init
                0x341815e0      0x364 ./Drivers/STM32N6xx_HAL_Driver/stm32n6xx_hal_gpio.o
                0x341815e0                HAL_GPIO_Init
 .text.HAL_PWREx_ConfigSupply
                0x34181944       0x50 ./Drivers/STM32N6xx_HAL_Driver/stm32n6xx_hal_pwr_ex.o
                0x34181944                HAL_PWREx_ConfigSupply
 .text.HAL_PWREx_ControlVoltageScaling
                0x34181994       0x50 ./Drivers/STM32N6xx_HAL_Driver/stm32n6xx_hal_pwr_ex.o
                0x34181994                HAL_PWREx_ControlVoltageScaling
 .text.HAL_PWREx_EnableVddIO3
                0x341819e4       0x20 ./Drivers/STM32N6xx_HAL_Driver/stm32n6xx_hal_pwr_ex.o
                0x341819e4                HAL_PWREx_EnableVddIO3
 .text.LL_RCC_HSE_IsReady
                0x34181a04       0x24 ./Drivers/STM32N6xx_HAL_Driver/stm32n6xx_hal_rcc.o
 .text.LL_RCC_HSI_Enable
                0x34181a28       0x1c ./Drivers/STM32N6xx_HAL_Driver/stm32n6xx_hal_rcc.o
 .text.LL_RCC_HSI_Disable
                0x34181a44       0x20 ./Drivers/STM32N6xx_HAL_Driver/stm32n6xx_hal_rcc.o
 .text.LL_RCC_HSI_IsReady
                0x34181a64       0x24 ./Drivers/STM32N6xx_HAL_Driver/stm32n6xx_hal_rcc.o
 .text.LL_RCC_HSI_SetDivider
                0x34181a88       0x28 ./Drivers/STM32N6xx_HAL_Driver/stm32n6xx_hal_rcc.o
 .text.LL_RCC_HSI_GetDivider
                0x34181ab0       0x1c ./Drivers/STM32N6xx_HAL_Driver/stm32n6xx_hal_rcc.o
 .text.LL_RCC_HSI_SetCalibTrimming
                0x34181acc       0x2c ./Drivers/STM32N6xx_HAL_Driver/stm32n6xx_hal_rcc.o
 .text.LL_RCC_MSI_Enable
                0x34181af8       0x1c ./Drivers/STM32N6xx_HAL_Driver/stm32n6xx_hal_rcc.o
 .text.LL_RCC_MSI_Disable
                0x34181b14       0x20 ./Drivers/STM32N6xx_HAL_Driver/stm32n6xx_hal_rcc.o
 .text.LL_RCC_MSI_IsReady
                0x34181b34       0x24 ./Drivers/STM32N6xx_HAL_Driver/stm32n6xx_hal_rcc.o
 .text.LL_RCC_MSI_SetFrequency
                0x34181b58       0x28 ./Drivers/STM32N6xx_HAL_Driver/stm32n6xx_hal_rcc.o
 .text.LL_RCC_MSI_SetCalibTrimming
                0x34181b80       0x2c ./Drivers/STM32N6xx_HAL_Driver/stm32n6xx_hal_rcc.o
 .text.LL_RCC_LSE_IsReady
                0x34181bac       0x24 ./Drivers/STM32N6xx_HAL_Driver/stm32n6xx_hal_rcc.o
 .text.LL_RCC_LSI_Enable
                0x34181bd0       0x1c ./Drivers/STM32N6xx_HAL_Driver/stm32n6xx_hal_rcc.o
 .text.LL_RCC_LSI_Disable
                0x34181bec       0x20 ./Drivers/STM32N6xx_HAL_Driver/stm32n6xx_hal_rcc.o
 .text.LL_RCC_LSI_IsReady
                0x34181c0c       0x1c ./Drivers/STM32N6xx_HAL_Driver/stm32n6xx_hal_rcc.o
 .text.LL_RCC_GetCpuClkSource
                0x34181c28       0x1c ./Drivers/STM32N6xx_HAL_Driver/stm32n6xx_hal_rcc.o
 .text.LL_RCC_GetSysClkSource
                0x34181c44       0x1c ./Drivers/STM32N6xx_HAL_Driver/stm32n6xx_hal_rcc.o
 .text.LL_RCC_PLL1_GetSource
                0x34181c60       0x1c ./Drivers/STM32N6xx_HAL_Driver/stm32n6xx_hal_rcc.o
 .text.LL_RCC_PLL1_IsReady
                0x34181c7c       0x28 ./Drivers/STM32N6xx_HAL_Driver/stm32n6xx_hal_rcc.o
 .text.LL_RCC_PLL1_IsEnabledBypass
                0x34181ca4       0x28 ./Drivers/STM32N6xx_HAL_Driver/stm32n6xx_hal_rcc.o
 .text.LL_RCC_PLL2_GetSource
                0x34181ccc       0x1c ./Drivers/STM32N6xx_HAL_Driver/stm32n6xx_hal_rcc.o
 .text.LL_RCC_PLL2_IsReady
                0x34181ce8       0x28 ./Drivers/STM32N6xx_HAL_Driver/stm32n6xx_hal_rcc.o
 .text.LL_RCC_PLL2_IsEnabledBypass
                0x34181d10       0x28 ./Drivers/STM32N6xx_HAL_Driver/stm32n6xx_hal_rcc.o
 .text.LL_RCC_PLL3_GetSource
                0x34181d38       0x1c ./Drivers/STM32N6xx_HAL_Driver/stm32n6xx_hal_rcc.o
 .text.LL_RCC_PLL3_IsReady
                0x34181d54       0x28 ./Drivers/STM32N6xx_HAL_Driver/stm32n6xx_hal_rcc.o
 .text.LL_RCC_PLL3_IsEnabledBypass
                0x34181d7c       0x28 ./Drivers/STM32N6xx_HAL_Driver/stm32n6xx_hal_rcc.o
 .text.LL_RCC_PLL4_GetSource
                0x34181da4       0x1c ./Drivers/STM32N6xx_HAL_Driver/stm32n6xx_hal_rcc.o
 .text.LL_RCC_PLL4_IsReady
                0x34181dc0       0x28 ./Drivers/STM32N6xx_HAL_Driver/stm32n6xx_hal_rcc.o
 .text.LL_RCC_PLL4_IsEnabledBypass
                0x34181de8       0x28 ./Drivers/STM32N6xx_HAL_Driver/stm32n6xx_hal_rcc.o
 .text.LL_RCC_IC1_Enable
                0x34181e10       0x1c ./Drivers/STM32N6xx_HAL_Driver/stm32n6xx_hal_rcc.o
 .text.LL_RCC_IC1_GetSource
                0x34181e2c       0x1c ./Drivers/STM32N6xx_HAL_Driver/stm32n6xx_hal_rcc.o
 .text.LL_RCC_IC1_GetDivider
                0x34181e48       0x20 ./Drivers/STM32N6xx_HAL_Driver/stm32n6xx_hal_rcc.o
 .text.LL_RCC_IC2_GetSource
                0x34181e68       0x1c ./Drivers/STM32N6xx_HAL_Driver/stm32n6xx_hal_rcc.o
 .text.LL_RCC_IC2_GetDivider
                0x34181e84       0x20 ./Drivers/STM32N6xx_HAL_Driver/stm32n6xx_hal_rcc.o
 .text.LL_RCC_IC6_GetSource
                0x34181ea4       0x1c ./Drivers/STM32N6xx_HAL_Driver/stm32n6xx_hal_rcc.o
 .text.LL_RCC_IC11_GetSource
                0x34181ec0       0x1c ./Drivers/STM32N6xx_HAL_Driver/stm32n6xx_hal_rcc.o
 .text.HAL_RCC_OscConfig
                0x34181edc      0x7c0 ./Drivers/STM32N6xx_HAL_Driver/stm32n6xx_hal_rcc.o
                0x34181edc                HAL_RCC_OscConfig
 .text.HAL_RCC_ClockConfig
                0x3418269c      0x408 ./Drivers/STM32N6xx_HAL_Driver/stm32n6xx_hal_rcc.o
                0x3418269c                HAL_RCC_ClockConfig
 .text.HAL_RCC_GetCpuClockFreq
                0x34182aa4      0x100 ./Drivers/STM32N6xx_HAL_Driver/stm32n6xx_hal_rcc.o
                0x34182aa4                HAL_RCC_GetCpuClockFreq
 .text.HAL_RCC_GetSysClockFreq
                0x34182ba4       0x1e ./Drivers/STM32N6xx_HAL_Driver/stm32n6xx_hal_rcc.o
                0x34182ba4                HAL_RCC_GetSysClockFreq
 *fill*         0x34182bc2        0x2 
 .text.HAL_RCC_GetClockConfig
                0x34182bc4       0xec ./Drivers/STM32N6xx_HAL_Driver/stm32n6xx_hal_rcc.o
                0x34182bc4                HAL_RCC_GetClockConfig
 .text.RCC_GetSysClockFreq
                0x34182cb0      0x104 ./Drivers/STM32N6xx_HAL_Driver/stm32n6xx_hal_rcc.o
 .text.RCC_PLL_Config
                0x34182db4      0x260 ./Drivers/STM32N6xx_HAL_Driver/stm32n6xx_hal_rcc.o
 .text.RCC_PLL_Enable
                0x34183014       0x58 ./Drivers/STM32N6xx_HAL_Driver/stm32n6xx_hal_rcc.o
 .text.RCC_PLL_IsNewConfig
                0x3418306c       0xf4 ./Drivers/STM32N6xx_HAL_Driver/stm32n6xx_hal_rcc.o
 .text.RCC_PLL_Source_IsReady
                0x34183160       0x74 ./Drivers/STM32N6xx_HAL_Driver/stm32n6xx_hal_rcc.o
 .text.RCC_IC_CheckPLLSources
                0x341831d4      0x170 ./Drivers/STM32N6xx_HAL_Driver/stm32n6xx_hal_rcc.o
 .text.LL_RCC_HSE_SelectHSEAsDiv2Clock
                0x34183344       0x20 ./Drivers/STM32N6xx_HAL_Driver/stm32n6xx_hal_rcc_ex.o
 .text.LL_RCC_HSE_SelectHSEDiv2AsDiv2Clock
                0x34183364       0x20 ./Drivers/STM32N6xx_HAL_Driver/stm32n6xx_hal_rcc_ex.o
 .text.LL_RCC_HSE_IsSelectedHSEDiv2AsDiv2Clock
                0x34183384       0x24 ./Drivers/STM32N6xx_HAL_Driver/stm32n6xx_hal_rcc_ex.o
 .text.LL_RCC_HSE_IsReady
                0x341833a8       0x24 ./Drivers/STM32N6xx_HAL_Driver/stm32n6xx_hal_rcc_ex.o
 .text.LL_RCC_HSI_IsReady
                0x341833cc       0x24 ./Drivers/STM32N6xx_HAL_Driver/stm32n6xx_hal_rcc_ex.o
 .text.LL_RCC_HSI_GetDivider
                0x341833f0       0x1c ./Drivers/STM32N6xx_HAL_Driver/stm32n6xx_hal_rcc_ex.o
 .text.LL_RCC_MSI_IsReady
                0x3418340c       0x24 ./Drivers/STM32N6xx_HAL_Driver/stm32n6xx_hal_rcc_ex.o
 .text.LL_RCC_MSI_GetFrequency
                0x34183430       0x1c ./Drivers/STM32N6xx_HAL_Driver/stm32n6xx_hal_rcc_ex.o
 .text.LL_RCC_LSE_IsReady
                0x3418344c       0x24 ./Drivers/STM32N6xx_HAL_Driver/stm32n6xx_hal_rcc_ex.o
 .text.LL_RCC_LSI_IsReady
                0x34183470       0x1c ./Drivers/STM32N6xx_HAL_Driver/stm32n6xx_hal_rcc_ex.o
 .text.LL_RCC_GetAHBPrescaler
                0x3418348c       0x1c ./Drivers/STM32N6xx_HAL_Driver/stm32n6xx_hal_rcc_ex.o
 .text.LL_RCC_GetAPB1Prescaler
                0x341834a8       0x1c ./Drivers/STM32N6xx_HAL_Driver/stm32n6xx_hal_rcc_ex.o
 .text.LL_RCC_GetAPB2Prescaler
                0x341834c4       0x1c ./Drivers/STM32N6xx_HAL_Driver/stm32n6xx_hal_rcc_ex.o
 .text.LL_RCC_GetAPB4Prescaler
                0x341834e0       0x1c ./Drivers/STM32N6xx_HAL_Driver/stm32n6xx_hal_rcc_ex.o
 .text.LL_RCC_GetAPB5Prescaler
                0x341834fc       0x1c ./Drivers/STM32N6xx_HAL_Driver/stm32n6xx_hal_rcc_ex.o
 .text.LL_RCC_SetClockSource
                0x34183518       0x54 ./Drivers/STM32N6xx_HAL_Driver/stm32n6xx_hal_rcc_ex.o
 .text.LL_RCC_GetADCPrescaler
                0x3418356c       0x1c ./Drivers/STM32N6xx_HAL_Driver/stm32n6xx_hal_rcc_ex.o
 .text.LL_RCC_SetADFClockSource
                0x34183588       0x2c ./Drivers/STM32N6xx_HAL_Driver/stm32n6xx_hal_rcc_ex.o
 .text.LL_RCC_SetCLKPClockSource
                0x341835b4       0x2c ./Drivers/STM32N6xx_HAL_Driver/stm32n6xx_hal_rcc_ex.o
 .text.LL_RCC_SetDCMIPPClockSource
                0x341835e0       0x2c ./Drivers/STM32N6xx_HAL_Driver/stm32n6xx_hal_rcc_ex.o
 .text.LL_RCC_SetETHClockSource
                0x3418360c       0x2c ./Drivers/STM32N6xx_HAL_Driver/stm32n6xx_hal_rcc_ex.o
 .text.LL_RCC_SetETHPHYInterface
                0x34183638       0x2c ./Drivers/STM32N6xx_HAL_Driver/stm32n6xx_hal_rcc_ex.o
 .text.LL_RCC_GetETH1PTPDivider
                0x34183664       0x1c ./Drivers/STM32N6xx_HAL_Driver/stm32n6xx_hal_rcc_ex.o
 .text.LL_RCC_SetETHREFRXClockSource
                0x34183680       0x2c ./Drivers/STM32N6xx_HAL_Driver/stm32n6xx_hal_rcc_ex.o
 .text.LL_RCC_SetETHREFTXClockSource
                0x341836ac       0x2c ./Drivers/STM32N6xx_HAL_Driver/stm32n6xx_hal_rcc_ex.o
 .text.LL_RCC_SetFDCANClockSource
                0x341836d8       0x2c ./Drivers/STM32N6xx_HAL_Driver/stm32n6xx_hal_rcc_ex.o
 .text.LL_RCC_SetFMCClockSource
                0x34183704       0x2c ./Drivers/STM32N6xx_HAL_Driver/stm32n6xx_hal_rcc_ex.o
 .text.LL_RCC_SetI2CClockSource
                0x34183730       0x16 ./Drivers/STM32N6xx_HAL_Driver/stm32n6xx_hal_rcc_ex.o
 .text.LL_RCC_SetI3CClockSource
                0x34183746       0x16 ./Drivers/STM32N6xx_HAL_Driver/stm32n6xx_hal_rcc_ex.o
 .text.LL_RCC_SetLPTIMClockSource
                0x3418375c       0x16 ./Drivers/STM32N6xx_HAL_Driver/stm32n6xx_hal_rcc_ex.o
 *fill*         0x34183772        0x2 
 .text.LL_RCC_SetLPUARTClockSource
                0x34183774       0x2c ./Drivers/STM32N6xx_HAL_Driver/stm32n6xx_hal_rcc_ex.o
 .text.LL_RCC_SetLTDCClockSource
                0x341837a0       0x2c ./Drivers/STM32N6xx_HAL_Driver/stm32n6xx_hal_rcc_ex.o
 .text.LL_RCC_SetMDFClockSource
                0x341837cc       0x2c ./Drivers/STM32N6xx_HAL_Driver/stm32n6xx_hal_rcc_ex.o
 .text.LL_RCC_SetOTGPHYClockSource
                0x341837f8       0x16 ./Drivers/STM32N6xx_HAL_Driver/stm32n6xx_hal_rcc_ex.o
 .text.LL_RCC_SetOTGPHYCKREFClockSource
                0x3418380e       0x16 ./Drivers/STM32N6xx_HAL_Driver/stm32n6xx_hal_rcc_ex.o
 .text.LL_RCC_SetPSSIClockSource
                0x34183824       0x2c ./Drivers/STM32N6xx_HAL_Driver/stm32n6xx_hal_rcc_ex.o
 .text.LL_RCC_SetSAIClockSource
                0x34183850       0x16 ./Drivers/STM32N6xx_HAL_Driver/stm32n6xx_hal_rcc_ex.o
 .text.LL_RCC_SetSDMMCClockSource
                0x34183866       0x16 ./Drivers/STM32N6xx_HAL_Driver/stm32n6xx_hal_rcc_ex.o
 .text.LL_RCC_SetSPDIFRXClockSource
                0x3418387c       0x2c ./Drivers/STM32N6xx_HAL_Driver/stm32n6xx_hal_rcc_ex.o
 .text.LL_RCC_SetSPIClockSource
                0x341838a8       0x16 ./Drivers/STM32N6xx_HAL_Driver/stm32n6xx_hal_rcc_ex.o
 .text.LL_RCC_SetUSARTClockSource
                0x341838be       0x16 ./Drivers/STM32N6xx_HAL_Driver/stm32n6xx_hal_rcc_ex.o
 .text.LL_RCC_SetXSPIClockSource
                0x341838d4       0x16 ./Drivers/STM32N6xx_HAL_Driver/stm32n6xx_hal_rcc_ex.o
 *fill*         0x341838ea        0x2 
 .text.LL_RCC_GetClockSource
                0x341838ec       0x4c ./Drivers/STM32N6xx_HAL_Driver/stm32n6xx_hal_rcc_ex.o
 .text.LL_RCC_GetADCClockSource
                0x34183938       0x24 ./Drivers/STM32N6xx_HAL_Driver/stm32n6xx_hal_rcc_ex.o
 .text.LL_RCC_GetADFClockSource
                0x3418395c       0x24 ./Drivers/STM32N6xx_HAL_Driver/stm32n6xx_hal_rcc_ex.o
 .text.LL_RCC_GetCLKPClockSource
                0x34183980       0x24 ./Drivers/STM32N6xx_HAL_Driver/stm32n6xx_hal_rcc_ex.o
 .text.LL_RCC_GetDCMIPPClockSource
                0x341839a4       0x24 ./Drivers/STM32N6xx_HAL_Driver/stm32n6xx_hal_rcc_ex.o
 .text.LL_RCC_GetETHClockSource
                0x341839c8       0x24 ./Drivers/STM32N6xx_HAL_Driver/stm32n6xx_hal_rcc_ex.o
 .text.LL_RCC_GetETHPTPClockSource
                0x341839ec       0x24 ./Drivers/STM32N6xx_HAL_Driver/stm32n6xx_hal_rcc_ex.o
 .text.LL_RCC_GetFDCANClockSource
                0x34183a10       0x24 ./Drivers/STM32N6xx_HAL_Driver/stm32n6xx_hal_rcc_ex.o
 .text.LL_RCC_GetFMCClockSource
                0x34183a34       0x24 ./Drivers/STM32N6xx_HAL_Driver/stm32n6xx_hal_rcc_ex.o
 .text.LL_RCC_GetI2CClockSource
                0x34183a58       0x18 ./Drivers/STM32N6xx_HAL_Driver/stm32n6xx_hal_rcc_ex.o
 .text.LL_RCC_GetI3CClockSource
                0x34183a70       0x18 ./Drivers/STM32N6xx_HAL_Driver/stm32n6xx_hal_rcc_ex.o
 .text.LL_RCC_GetLPTIMClockSource
                0x34183a88       0x18 ./Drivers/STM32N6xx_HAL_Driver/stm32n6xx_hal_rcc_ex.o
 .text.LL_RCC_GetLPUARTClockSource
                0x34183aa0       0x24 ./Drivers/STM32N6xx_HAL_Driver/stm32n6xx_hal_rcc_ex.o
 .text.LL_RCC_GetLTDCClockSource
                0x34183ac4       0x24 ./Drivers/STM32N6xx_HAL_Driver/stm32n6xx_hal_rcc_ex.o
 .text.LL_RCC_GetMDFClockSource
                0x34183ae8       0x24 ./Drivers/STM32N6xx_HAL_Driver/stm32n6xx_hal_rcc_ex.o
 .text.LL_RCC_GetPSSIClockSource
                0x34183b0c       0x24 ./Drivers/STM32N6xx_HAL_Driver/stm32n6xx_hal_rcc_ex.o
 .text.LL_RCC_GetSAIClockSource
                0x34183b30       0x18 ./Drivers/STM32N6xx_HAL_Driver/stm32n6xx_hal_rcc_ex.o
 .text.LL_RCC_GetSDMMCClockSource
                0x34183b48       0x18 ./Drivers/STM32N6xx_HAL_Driver/stm32n6xx_hal_rcc_ex.o
 .text.LL_RCC_GetSPDIFRXClockSource
                0x34183b60       0x24 ./Drivers/STM32N6xx_HAL_Driver/stm32n6xx_hal_rcc_ex.o
 .text.LL_RCC_GetSPIClockSource
                0x34183b84       0x18 ./Drivers/STM32N6xx_HAL_Driver/stm32n6xx_hal_rcc_ex.o
 .text.LL_RCC_GetUSARTClockSource
                0x34183b9c       0x18 ./Drivers/STM32N6xx_HAL_Driver/stm32n6xx_hal_rcc_ex.o
 .text.LL_RCC_GetUARTClockSource
                0x34183bb4       0x18 ./Drivers/STM32N6xx_HAL_Driver/stm32n6xx_hal_rcc_ex.o
 .text.LL_RCC_GetUSBClockSource
                0x34183bcc       0x18 ./Drivers/STM32N6xx_HAL_Driver/stm32n6xx_hal_rcc_ex.o
 .text.LL_RCC_GetXSPIClockSource
                0x34183be4       0x18 ./Drivers/STM32N6xx_HAL_Driver/stm32n6xx_hal_rcc_ex.o
 .text.LL_RCC_SetRTCClockSource
                0x34183bfc       0x2c ./Drivers/STM32N6xx_HAL_Driver/stm32n6xx_hal_rcc_ex.o
 .text.LL_RCC_GetRTCClockSource
                0x34183c28       0x1c ./Drivers/STM32N6xx_HAL_Driver/stm32n6xx_hal_rcc_ex.o
 .text.LL_RCC_SetRTC_HSEPrescaler
                0x34183c44       0x2c ./Drivers/STM32N6xx_HAL_Driver/stm32n6xx_hal_rcc_ex.o
 .text.LL_RCC_SetTIMPrescaler
                0x34183c70       0x2c ./Drivers/STM32N6xx_HAL_Driver/stm32n6xx_hal_rcc_ex.o
 .text.LL_RCC_GetTIMPrescaler
                0x34183c9c       0x1c ./Drivers/STM32N6xx_HAL_Driver/stm32n6xx_hal_rcc_ex.o
 .text.LL_RCC_PLL1_GetSource
                0x34183cb8       0x1c ./Drivers/STM32N6xx_HAL_Driver/stm32n6xx_hal_rcc_ex.o
 .text.LL_RCC_PLL1_IsReady
                0x34183cd4       0x28 ./Drivers/STM32N6xx_HAL_Driver/stm32n6xx_hal_rcc_ex.o
 .text.LL_RCC_PLL1_IsEnabledBypass
                0x34183cfc       0x28 ./Drivers/STM32N6xx_HAL_Driver/stm32n6xx_hal_rcc_ex.o
 .text.LL_RCC_PLL1_GetN
                0x34183d24       0x20 ./Drivers/STM32N6xx_HAL_Driver/stm32n6xx_hal_rcc_ex.o
 .text.LL_RCC_PLL1_GetM
                0x34183d44       0x20 ./Drivers/STM32N6xx_HAL_Driver/stm32n6xx_hal_rcc_ex.o
 .text.LL_RCC_PLL1_GetP1
                0x34183d64       0x20 ./Drivers/STM32N6xx_HAL_Driver/stm32n6xx_hal_rcc_ex.o
 .text.LL_RCC_PLL1_GetP2
                0x34183d84       0x20 ./Drivers/STM32N6xx_HAL_Driver/stm32n6xx_hal_rcc_ex.o
 .text.LL_RCC_PLL1P_IsEnabled
                0x34183da4       0x28 ./Drivers/STM32N6xx_HAL_Driver/stm32n6xx_hal_rcc_ex.o
 .text.LL_RCC_PLL1_GetFRACN
                0x34183dcc       0x1c ./Drivers/STM32N6xx_HAL_Driver/stm32n6xx_hal_rcc_ex.o
 .text.LL_RCC_PLL2_GetSource
                0x34183de8       0x1c ./Drivers/STM32N6xx_HAL_Driver/stm32n6xx_hal_rcc_ex.o
 .text.LL_RCC_PLL2_IsReady
                0x34183e04       0x28 ./Drivers/STM32N6xx_HAL_Driver/stm32n6xx_hal_rcc_ex.o
 .text.LL_RCC_PLL2_IsEnabledBypass
                0x34183e2c       0x28 ./Drivers/STM32N6xx_HAL_Driver/stm32n6xx_hal_rcc_ex.o
 .text.LL_RCC_PLL2_GetN
                0x34183e54       0x20 ./Drivers/STM32N6xx_HAL_Driver/stm32n6xx_hal_rcc_ex.o
 .text.LL_RCC_PLL2_GetM
                0x34183e74       0x20 ./Drivers/STM32N6xx_HAL_Driver/stm32n6xx_hal_rcc_ex.o
 .text.LL_RCC_PLL2_GetP1
                0x34183e94       0x20 ./Drivers/STM32N6xx_HAL_Driver/stm32n6xx_hal_rcc_ex.o
 .text.LL_RCC_PLL2_GetP2
                0x34183eb4       0x20 ./Drivers/STM32N6xx_HAL_Driver/stm32n6xx_hal_rcc_ex.o
 .text.LL_RCC_PLL2P_IsEnabled
                0x34183ed4       0x28 ./Drivers/STM32N6xx_HAL_Driver/stm32n6xx_hal_rcc_ex.o
 .text.LL_RCC_PLL2_GetFRACN
                0x34183efc       0x1c ./Drivers/STM32N6xx_HAL_Driver/stm32n6xx_hal_rcc_ex.o
 .text.LL_RCC_PLL3_GetSource
                0x34183f18       0x1c ./Drivers/STM32N6xx_HAL_Driver/stm32n6xx_hal_rcc_ex.o
 .text.LL_RCC_PLL3_IsReady
                0x34183f34       0x28 ./Drivers/STM32N6xx_HAL_Driver/stm32n6xx_hal_rcc_ex.o
 .text.LL_RCC_PLL3_IsEnabledBypass
                0x34183f5c       0x28 ./Drivers/STM32N6xx_HAL_Driver/stm32n6xx_hal_rcc_ex.o
 .text.LL_RCC_PLL3_GetN
                0x34183f84       0x20 ./Drivers/STM32N6xx_HAL_Driver/stm32n6xx_hal_rcc_ex.o
 .text.LL_RCC_PLL3_GetM
                0x34183fa4       0x20 ./Drivers/STM32N6xx_HAL_Driver/stm32n6xx_hal_rcc_ex.o
 .text.LL_RCC_PLL3_GetP1
                0x34183fc4       0x20 ./Drivers/STM32N6xx_HAL_Driver/stm32n6xx_hal_rcc_ex.o
 .text.LL_RCC_PLL3_GetP2
                0x34183fe4       0x20 ./Drivers/STM32N6xx_HAL_Driver/stm32n6xx_hal_rcc_ex.o
 .text.LL_RCC_PLL3P_IsEnabled
                0x34184004       0x28 ./Drivers/STM32N6xx_HAL_Driver/stm32n6xx_hal_rcc_ex.o
 .text.LL_RCC_PLL3_GetFRACN
                0x3418402c       0x1c ./Drivers/STM32N6xx_HAL_Driver/stm32n6xx_hal_rcc_ex.o
 .text.LL_RCC_PLL4_GetSource
                0x34184048       0x1c ./Drivers/STM32N6xx_HAL_Driver/stm32n6xx_hal_rcc_ex.o
 .text.LL_RCC_PLL4_IsReady
                0x34184064       0x28 ./Drivers/STM32N6xx_HAL_Driver/stm32n6xx_hal_rcc_ex.o
 .text.LL_RCC_PLL4_IsEnabledBypass
                0x3418408c       0x28 ./Drivers/STM32N6xx_HAL_Driver/stm32n6xx_hal_rcc_ex.o
 .text.LL_RCC_PLL4_GetN
                0x341840b4       0x20 ./Drivers/STM32N6xx_HAL_Driver/stm32n6xx_hal_rcc_ex.o
 .text.LL_RCC_PLL4_GetM
                0x341840d4       0x20 ./Drivers/STM32N6xx_HAL_Driver/stm32n6xx_hal_rcc_ex.o
 .text.LL_RCC_PLL4_GetP1
                0x341840f4       0x20 ./Drivers/STM32N6xx_HAL_Driver/stm32n6xx_hal_rcc_ex.o
 .text.LL_RCC_PLL4_GetP2
                0x34184114       0x20 ./Drivers/STM32N6xx_HAL_Driver/stm32n6xx_hal_rcc_ex.o
 .text.LL_RCC_PLL4P_IsEnabled
                0x34184134       0x28 ./Drivers/STM32N6xx_HAL_Driver/stm32n6xx_hal_rcc_ex.o
 .text.LL_RCC_PLL4_GetFRACN
                0x3418415c       0x1c ./Drivers/STM32N6xx_HAL_Driver/stm32n6xx_hal_rcc_ex.o
 .text.LL_RCC_IC3_Enable
                0x34184178       0x1c ./Drivers/STM32N6xx_HAL_Driver/stm32n6xx_hal_rcc_ex.o
 .text.LL_RCC_IC3_IsEnabled
                0x34184194       0x28 ./Drivers/STM32N6xx_HAL_Driver/stm32n6xx_hal_rcc_ex.o
 .text.LL_RCC_IC3_GetSource
                0x341841bc       0x1c ./Drivers/STM32N6xx_HAL_Driver/stm32n6xx_hal_rcc_ex.o
 .text.LL_RCC_IC3_GetDivider
                0x341841d8       0x20 ./Drivers/STM32N6xx_HAL_Driver/stm32n6xx_hal_rcc_ex.o
 .text.LL_RCC_IC4_Enable
                0x341841f8       0x1c ./Drivers/STM32N6xx_HAL_Driver/stm32n6xx_hal_rcc_ex.o
 .text.LL_RCC_IC4_IsEnabled
                0x34184214       0x28 ./Drivers/STM32N6xx_HAL_Driver/stm32n6xx_hal_rcc_ex.o
 .text.LL_RCC_IC4_GetSource
                0x3418423c       0x1c ./Drivers/STM32N6xx_HAL_Driver/stm32n6xx_hal_rcc_ex.o
 .text.LL_RCC_IC4_GetDivider
                0x34184258       0x20 ./Drivers/STM32N6xx_HAL_Driver/stm32n6xx_hal_rcc_ex.o
 .text.LL_RCC_IC5_Enable
                0x34184278       0x1c ./Drivers/STM32N6xx_HAL_Driver/stm32n6xx_hal_rcc_ex.o
 .text.LL_RCC_IC5_IsEnabled
                0x34184294       0x28 ./Drivers/STM32N6xx_HAL_Driver/stm32n6xx_hal_rcc_ex.o
 .text.LL_RCC_IC5_GetSource
                0x341842bc       0x1c ./Drivers/STM32N6xx_HAL_Driver/stm32n6xx_hal_rcc_ex.o
 .text.LL_RCC_IC5_GetDivider
                0x341842d8       0x20 ./Drivers/STM32N6xx_HAL_Driver/stm32n6xx_hal_rcc_ex.o
 .text.LL_RCC_IC7_Enable
                0x341842f8       0x1c ./Drivers/STM32N6xx_HAL_Driver/stm32n6xx_hal_rcc_ex.o
 .text.LL_RCC_IC7_IsEnabled
                0x34184314       0x28 ./Drivers/STM32N6xx_HAL_Driver/stm32n6xx_hal_rcc_ex.o
 .text.LL_RCC_IC7_GetSource
                0x3418433c       0x1c ./Drivers/STM32N6xx_HAL_Driver/stm32n6xx_hal_rcc_ex.o
 .text.LL_RCC_IC7_GetDivider
                0x34184358       0x20 ./Drivers/STM32N6xx_HAL_Driver/stm32n6xx_hal_rcc_ex.o
 .text.LL_RCC_IC8_Enable
                0x34184378       0x1c ./Drivers/STM32N6xx_HAL_Driver/stm32n6xx_hal_rcc_ex.o
 .text.LL_RCC_IC8_IsEnabled
                0x34184394       0x28 ./Drivers/STM32N6xx_HAL_Driver/stm32n6xx_hal_rcc_ex.o
 .text.LL_RCC_IC8_GetSource
                0x341843bc       0x1c ./Drivers/STM32N6xx_HAL_Driver/stm32n6xx_hal_rcc_ex.o
 .text.LL_RCC_IC8_GetDivider
                0x341843d8       0x20 ./Drivers/STM32N6xx_HAL_Driver/stm32n6xx_hal_rcc_ex.o
 .text.LL_RCC_IC9_Enable
                0x341843f8       0x1c ./Drivers/STM32N6xx_HAL_Driver/stm32n6xx_hal_rcc_ex.o
 .text.LL_RCC_IC9_IsEnabled
                0x34184414       0x28 ./Drivers/STM32N6xx_HAL_Driver/stm32n6xx_hal_rcc_ex.o
 .text.LL_RCC_IC9_GetSource
                0x3418443c       0x1c ./Drivers/STM32N6xx_HAL_Driver/stm32n6xx_hal_rcc_ex.o
 .text.LL_RCC_IC9_GetDivider
                0x34184458       0x20 ./Drivers/STM32N6xx_HAL_Driver/stm32n6xx_hal_rcc_ex.o
 .text.LL_RCC_IC10_Enable
                0x34184478       0x1c ./Drivers/STM32N6xx_HAL_Driver/stm32n6xx_hal_rcc_ex.o
 .text.LL_RCC_IC10_IsEnabled
                0x34184494       0x28 ./Drivers/STM32N6xx_HAL_Driver/stm32n6xx_hal_rcc_ex.o
 .text.LL_RCC_IC10_GetSource
                0x341844bc       0x1c ./Drivers/STM32N6xx_HAL_Driver/stm32n6xx_hal_rcc_ex.o
 .text.LL_RCC_IC10_GetDivider
                0x341844d8       0x20 ./Drivers/STM32N6xx_HAL_Driver/stm32n6xx_hal_rcc_ex.o
 .text.LL_RCC_IC12_Enable
                0x341844f8       0x1c ./Drivers/STM32N6xx_HAL_Driver/stm32n6xx_hal_rcc_ex.o
 .text.LL_RCC_IC12_IsEnabled
                0x34184514       0x28 ./Drivers/STM32N6xx_HAL_Driver/stm32n6xx_hal_rcc_ex.o
 .text.LL_RCC_IC12_GetSource
                0x3418453c       0x1c ./Drivers/STM32N6xx_HAL_Driver/stm32n6xx_hal_rcc_ex.o
 .text.LL_RCC_IC12_GetDivider
                0x34184558       0x20 ./Drivers/STM32N6xx_HAL_Driver/stm32n6xx_hal_rcc_ex.o
 .text.LL_RCC_IC13_Enable
                0x34184578       0x1c ./Drivers/STM32N6xx_HAL_Driver/stm32n6xx_hal_rcc_ex.o
 .text.LL_RCC_IC13_IsEnabled
                0x34184594       0x28 ./Drivers/STM32N6xx_HAL_Driver/stm32n6xx_hal_rcc_ex.o
 .text.LL_RCC_IC13_GetSource
                0x341845bc       0x1c ./Drivers/STM32N6xx_HAL_Driver/stm32n6xx_hal_rcc_ex.o
 .text.LL_RCC_IC13_GetDivider
                0x341845d8       0x20 ./Drivers/STM32N6xx_HAL_Driver/stm32n6xx_hal_rcc_ex.o
 .text.LL_RCC_IC14_Enable
                0x341845f8       0x1c ./Drivers/STM32N6xx_HAL_Driver/stm32n6xx_hal_rcc_ex.o
 .text.LL_RCC_IC14_IsEnabled
                0x34184614       0x28 ./Drivers/STM32N6xx_HAL_Driver/stm32n6xx_hal_rcc_ex.o
 .text.LL_RCC_IC14_GetSource
                0x3418463c       0x1c ./Drivers/STM32N6xx_HAL_Driver/stm32n6xx_hal_rcc_ex.o
 .text.LL_RCC_IC14_GetDivider
                0x34184658       0x20 ./Drivers/STM32N6xx_HAL_Driver/stm32n6xx_hal_rcc_ex.o
 .text.LL_RCC_IC15_Enable
                0x34184678       0x1c ./Drivers/STM32N6xx_HAL_Driver/stm32n6xx_hal_rcc_ex.o
 .text.LL_RCC_IC15_IsEnabled
                0x34184694       0x28 ./Drivers/STM32N6xx_HAL_Driver/stm32n6xx_hal_rcc_ex.o
 .text.LL_RCC_IC15_GetSource
                0x341846bc       0x1c ./Drivers/STM32N6xx_HAL_Driver/stm32n6xx_hal_rcc_ex.o
 .text.LL_RCC_IC15_GetDivider
                0x341846d8       0x20 ./Drivers/STM32N6xx_HAL_Driver/stm32n6xx_hal_rcc_ex.o
 .text.LL_RCC_IC16_Enable
                0x341846f8       0x1c ./Drivers/STM32N6xx_HAL_Driver/stm32n6xx_hal_rcc_ex.o
 .text.LL_RCC_IC16_IsEnabled
                0x34184714       0x28 ./Drivers/STM32N6xx_HAL_Driver/stm32n6xx_hal_rcc_ex.o
 .text.LL_RCC_IC16_GetSource
                0x3418473c       0x1c ./Drivers/STM32N6xx_HAL_Driver/stm32n6xx_hal_rcc_ex.o
 .text.LL_RCC_IC16_GetDivider
                0x34184758       0x20 ./Drivers/STM32N6xx_HAL_Driver/stm32n6xx_hal_rcc_ex.o
 .text.LL_RCC_IC17_Enable
                0x34184778       0x1c ./Drivers/STM32N6xx_HAL_Driver/stm32n6xx_hal_rcc_ex.o
 .text.LL_RCC_IC17_IsEnabled
                0x34184794       0x28 ./Drivers/STM32N6xx_HAL_Driver/stm32n6xx_hal_rcc_ex.o
 .text.LL_RCC_IC17_GetSource
                0x341847bc       0x1c ./Drivers/STM32N6xx_HAL_Driver/stm32n6xx_hal_rcc_ex.o
 .text.LL_RCC_IC17_GetDivider
                0x341847d8       0x20 ./Drivers/STM32N6xx_HAL_Driver/stm32n6xx_hal_rcc_ex.o
 .text.LL_RCC_IC18_Enable
                0x341847f8       0x1c ./Drivers/STM32N6xx_HAL_Driver/stm32n6xx_hal_rcc_ex.o
 .text.LL_RCC_IC18_IsEnabled
                0x34184814       0x28 ./Drivers/STM32N6xx_HAL_Driver/stm32n6xx_hal_rcc_ex.o
 .text.LL_RCC_IC18_GetSource
                0x3418483c       0x1c ./Drivers/STM32N6xx_HAL_Driver/stm32n6xx_hal_rcc_ex.o
 .text.LL_RCC_IC18_GetDivider
                0x34184858       0x20 ./Drivers/STM32N6xx_HAL_Driver/stm32n6xx_hal_rcc_ex.o
 .text.LL_RCC_IC19_Enable
                0x34184878       0x1c ./Drivers/STM32N6xx_HAL_Driver/stm32n6xx_hal_rcc_ex.o
 .text.LL_RCC_IC19_IsEnabled
                0x34184894       0x28 ./Drivers/STM32N6xx_HAL_Driver/stm32n6xx_hal_rcc_ex.o
 .text.LL_RCC_IC19_GetSource
                0x341848bc       0x1c ./Drivers/STM32N6xx_HAL_Driver/stm32n6xx_hal_rcc_ex.o
 .text.LL_RCC_IC19_GetDivider
                0x341848d8       0x20 ./Drivers/STM32N6xx_HAL_Driver/stm32n6xx_hal_rcc_ex.o
 .text.LL_RCC_IC20_Enable
                0x341848f8       0x1c ./Drivers/STM32N6xx_HAL_Driver/stm32n6xx_hal_rcc_ex.o
 .text.LL_RCC_IC20_IsEnabled
                0x34184914       0x28 ./Drivers/STM32N6xx_HAL_Driver/stm32n6xx_hal_rcc_ex.o
 .text.LL_RCC_IC20_GetSource
                0x3418493c       0x1c ./Drivers/STM32N6xx_HAL_Driver/stm32n6xx_hal_rcc_ex.o
 .text.LL_RCC_IC20_GetDivider
                0x34184958       0x20 ./Drivers/STM32N6xx_HAL_Driver/stm32n6xx_hal_rcc_ex.o
 .text.LL_RCC_CLKP_Enable
                0x34184978       0x1c ./Drivers/STM32N6xx_HAL_Driver/stm32n6xx_hal_rcc_ex.o
 .text.LL_RCC_CLKP_IsEnabled
                0x34184994       0x28 ./Drivers/STM32N6xx_HAL_Driver/stm32n6xx_hal_rcc_ex.o
 .text.HAL_RCCEx_PeriphCLKConfig
                0x341849bc     0x25c8 ./Drivers/STM32N6xx_HAL_Driver/stm32n6xx_hal_rcc_ex.o
                0x341849bc                HAL_RCCEx_PeriphCLKConfig
 .text.HAL_RCCEx_GetPeriphCLKFreq
                0x34186f84      0x938 ./Drivers/STM32N6xx_HAL_Driver/stm32n6xx_hal_rcc_ex.o
                0x34186f84                HAL_RCCEx_GetPeriphCLKFreq
 .text.HAL_RCCEx_GetPLL1CLKFreq
                0x341878bc       0x8c ./Drivers/STM32N6xx_HAL_Driver/stm32n6xx_hal_rcc_ex.o
                0x341878bc                HAL_RCCEx_GetPLL1CLKFreq
 .text.HAL_RCCEx_GetPLL2CLKFreq
                0x34187948       0x8c ./Drivers/STM32N6xx_HAL_Driver/stm32n6xx_hal_rcc_ex.o
                0x34187948                HAL_RCCEx_GetPLL2CLKFreq
 .text.HAL_RCCEx_GetPLL3CLKFreq
                0x341879d4       0x8c ./Drivers/STM32N6xx_HAL_Driver/stm32n6xx_hal_rcc_ex.o
                0x341879d4                HAL_RCCEx_GetPLL3CLKFreq
 .text.HAL_RCCEx_GetPLL4CLKFreq
                0x34187a60       0x8c ./Drivers/STM32N6xx_HAL_Driver/stm32n6xx_hal_rcc_ex.o
                0x34187a60                HAL_RCCEx_GetPLL4CLKFreq
 .text.RCCEx_GetHCLKFreq
                0x34187aec       0x22 ./Drivers/STM32N6xx_HAL_Driver/stm32n6xx_hal_rcc_ex.o
 .text.RCCEx_GetPCLK1Freq
                0x34187b0e       0x20 ./Drivers/STM32N6xx_HAL_Driver/stm32n6xx_hal_rcc_ex.o
 .text.RCCEx_GetPCLK2Freq
                0x34187b2e       0x22 ./Drivers/STM32N6xx_HAL_Driver/stm32n6xx_hal_rcc_ex.o
 .text.RCCEx_GetPCLK4Freq
                0x34187b50       0x22 ./Drivers/STM32N6xx_HAL_Driver/stm32n6xx_hal_rcc_ex.o
 .text.RCCEx_GetPCLK5Freq
                0x34187b72       0x22 ./Drivers/STM32N6xx_HAL_Driver/stm32n6xx_hal_rcc_ex.o
 .text.RCCEx_GetPLLSourceFreq
                0x34187b94       0xbc ./Drivers/STM32N6xx_HAL_Driver/stm32n6xx_hal_rcc_ex.o
 .text.RCCEx_CalcPLLFreq
                0x34187c50       0x98 ./Drivers/STM32N6xx_HAL_Driver/stm32n6xx_hal_rcc_ex.o
 .text.RCCEx_GetADCCLKFreq
                0x34187ce8      0x204 ./Drivers/STM32N6xx_HAL_Driver/stm32n6xx_hal_rcc_ex.o
 .text.RCCEx_GetADFCLKFreq
                0x34187eec      0x1d8 ./Drivers/STM32N6xx_HAL_Driver/stm32n6xx_hal_rcc_ex.o
 .text.RCCEx_GetCLKPCLKFreq
                0x341880c4      0x36c ./Drivers/STM32N6xx_HAL_Driver/stm32n6xx_hal_rcc_ex.o
 .text.RCCEx_GetCSICLKFreq
                0x34188430       0x98 ./Drivers/STM32N6xx_HAL_Driver/stm32n6xx_hal_rcc_ex.o
 .text.RCCEx_GetDCMIPPCLKFreq
                0x341884c8      0x114 ./Drivers/STM32N6xx_HAL_Driver/stm32n6xx_hal_rcc_ex.o
 .text.RCCEx_GetETH1CLKFreq
                0x341885dc      0x100 ./Drivers/STM32N6xx_HAL_Driver/stm32n6xx_hal_rcc_ex.o
 .text.RCCEx_GetETH1PTPCLKFreq
                0x341886dc      0x108 ./Drivers/STM32N6xx_HAL_Driver/stm32n6xx_hal_rcc_ex.o
 .text.RCCEx_GetFDCANCLKFreq
                0x341887e4      0x100 ./Drivers/STM32N6xx_HAL_Driver/stm32n6xx_hal_rcc_ex.o
 .text.RCCEx_GetFMCCLKFreq
                0x341888e4      0x16e ./Drivers/STM32N6xx_HAL_Driver/stm32n6xx_hal_rcc_ex.o
 *fill*         0x34188a52        0x2 
 .text.RCCEx_GetI2CCLKFreq
                0x34188a54      0x350 ./Drivers/STM32N6xx_HAL_Driver/stm32n6xx_hal_rcc_ex.o
 .text.RCCEx_GetI3CCLKFreq
                0x34188da4      0x268 ./Drivers/STM32N6xx_HAL_Driver/stm32n6xx_hal_rcc_ex.o
 .text.RCCEx_GetLPTIMCLKFreq
                0x3418900c      0x354 ./Drivers/STM32N6xx_HAL_Driver/stm32n6xx_hal_rcc_ex.o
 .text.RCCEx_GetLPUARTCLKFreq
                0x34189360      0x204 ./Drivers/STM32N6xx_HAL_Driver/stm32n6xx_hal_rcc_ex.o
 .text.RCCEx_GetLTDCCLKFreq
                0x34189564      0x114 ./Drivers/STM32N6xx_HAL_Driver/stm32n6xx_hal_rcc_ex.o
 .text.RCCEx_GetMDFCLKFreq
                0x34189678      0x214 ./Drivers/STM32N6xx_HAL_Driver/stm32n6xx_hal_rcc_ex.o
 .text.RCCEx_GetPSSICLKFreq
                0x3418988c      0x104 ./Drivers/STM32N6xx_HAL_Driver/stm32n6xx_hal_rcc_ex.o
 .text.RCCEx_GetRTCCLKFreq
                0x34189990       0xa4 ./Drivers/STM32N6xx_HAL_Driver/stm32n6xx_hal_rcc_ex.o
 .text.RCCEx_GetSAICLKFreq
                0x34189a34      0x2cc ./Drivers/STM32N6xx_HAL_Driver/stm32n6xx_hal_rcc_ex.o
 .text.RCCEx_GetSDMMCCLKFreq
                0x34189d00      0x1d4 ./Drivers/STM32N6xx_HAL_Driver/stm32n6xx_hal_rcc_ex.o
 .text.RCCEx_GetSPDIFRXCLKFreq
                0x34189ed4      0x1c8 ./Drivers/STM32N6xx_HAL_Driver/stm32n6xx_hal_rcc_ex.o
 .text.RCCEx_GetSPICLKFreq
                0x3418a09c      0x5a4 ./Drivers/STM32N6xx_HAL_Driver/stm32n6xx_hal_rcc_ex.o
 .text.RCCEx_GetUARTCLKFreq
                0x3418a640      0x454 ./Drivers/STM32N6xx_HAL_Driver/stm32n6xx_hal_rcc_ex.o
 .text.RCCEx_GetUSARTCLKFreq
                0x3418aa94      0x454 ./Drivers/STM32N6xx_HAL_Driver/stm32n6xx_hal_rcc_ex.o
 .text.RCCEx_GetOTGPHYCLKFreq
                0x3418aee8      0x16c ./Drivers/STM32N6xx_HAL_Driver/stm32n6xx_hal_rcc_ex.o
 .text.RCCEx_GetOTGPHYCKREFCLKFreq
                0x3418b054       0xa0 ./Drivers/STM32N6xx_HAL_Driver/stm32n6xx_hal_rcc_ex.o
 .text.RCCEx_GetXSPICLKFreq
                0x3418b0f4      0x220 ./Drivers/STM32N6xx_HAL_Driver/stm32n6xx_hal_rcc_ex.o
 .text.LL_AHB5_GRP1_IsEnabledClock
                0x3418b314       0x30 ./Drivers/STM32N6xx_HAL_Driver/stm32n6xx_hal_xspi.o
 .text.HAL_XSPI_Init
                0x3418b344      0x220 ./Drivers/STM32N6xx_HAL_Driver/stm32n6xx_hal_xspi.o
                0x3418b344                HAL_XSPI_Init
 .text.HAL_XSPI_Command
                0x3418b564      0x120 ./Drivers/STM32N6xx_HAL_Driver/stm32n6xx_hal_xspi.o
                0x3418b564                HAL_XSPI_Command
 .text.HAL_XSPI_Transmit
                0x3418b684       0xe6 ./Drivers/STM32N6xx_HAL_Driver/stm32n6xx_hal_xspi.o
                0x3418b684                HAL_XSPI_Transmit
 .text.HAL_XSPI_Receive
                0x3418b76a      0x146 ./Drivers/STM32N6xx_HAL_Driver/stm32n6xx_hal_xspi.o
                0x3418b76a                HAL_XSPI_Receive
 .text.HAL_XSPI_AutoPolling
                0x3418b8b0      0x114 ./Drivers/STM32N6xx_HAL_Driver/stm32n6xx_hal_xspi.o
                0x3418b8b0                HAL_XSPI_AutoPolling
 .text.HAL_XSPI_MemoryMapped
                0x3418b9c4       0xd8 ./Drivers/STM32N6xx_HAL_Driver/stm32n6xx_hal_xspi.o
                0x3418b9c4                HAL_XSPI_MemoryMapped
 .text.HAL_XSPI_Abort
                0x3418ba9c      0x10e ./Drivers/STM32N6xx_HAL_Driver/stm32n6xx_hal_xspi.o
                0x3418ba9c                HAL_XSPI_Abort
 .text.HAL_XSPI_SetTimeout
                0x3418bbaa       0x1e ./Drivers/STM32N6xx_HAL_Driver/stm32n6xx_hal_xspi.o
                0x3418bbaa                HAL_XSPI_SetTimeout
 .text.HAL_XSPIM_Config
                0x3418bbc8      0x258 ./Drivers/STM32N6xx_HAL_Driver/stm32n6xx_hal_xspi.o
                0x3418bbc8                HAL_XSPIM_Config
 .text.XSPI_WaitFlagStateUntilTimeout
                0x3418be20       0x6c ./Drivers/STM32N6xx_HAL_Driver/stm32n6xx_hal_xspi.o
 .text.XSPI_ConfigCmd
                0x3418be8c      0x314 ./Drivers/STM32N6xx_HAL_Driver/stm32n6xx_hal_xspi.o
 .text.XSPIM_GetConfig
                0x3418c1a0       0xc8 ./Drivers/STM32N6xx_HAL_Driver/stm32n6xx_hal_xspi.o
 .text.BOOT_Application
                0x3418c268       0x26 ./Middlewares/ST/STM32_ExtMem_Manager/stm32_boot_xip.o
                0x3418c268                BOOT_Application
 .text.MapMemory
                0x3418c28e       0x5c ./Middlewares/ST/STM32_ExtMem_Manager/stm32_boot_xip.o
                0x3418c28e                MapMemory
 *fill*         0x3418c2ea        0x2 
 .text.JumpToApplication
                0x3418c2ec      0x164 ./Middlewares/ST/STM32_ExtMem_Manager/stm32_boot_xip.o
                0x3418c2ec                JumpToApplication
 .text.EXTMEM_Init
                0x3418c450       0x84 ./Middlewares/ST/STM32_ExtMem_Manager/stm32_extmem.o
                0x3418c450                EXTMEM_Init
 .text.EXTMEM_DeInit
                0x3418c4d4       0x58 ./Middlewares/ST/STM32_ExtMem_Manager/stm32_extmem.o
                0x3418c4d4                EXTMEM_DeInit
 .text.EXTMEM_MemoryMappedMode
                0x3418c52c       0x90 ./Middlewares/ST/STM32_ExtMem_Manager/stm32_extmem.o
                0x3418c52c                EXTMEM_MemoryMappedMode
 .text.EXTMEM_GetMapAddress
                0x3418c5bc       0xc0 ./Middlewares/ST/STM32_ExtMem_Manager/stm32_extmem.o
                0x3418c5bc                EXTMEM_GetMapAddress
 .text.SAL_XSPI_SetClock
                0x3418c67c       0x7e ./Middlewares/ST/STM32_ExtMem_Manager/stm32_sal_xspi.o
                0x3418c67c                SAL_XSPI_SetClock
 .text.SAL_XSPI_Init
                0x3418c6fa       0x66 ./Middlewares/ST/STM32_ExtMem_Manager/stm32_sal_xspi.o
                0x3418c6fa                SAL_XSPI_Init
 .text.SAL_XSPI_EnableQuadMode
                0x3418c760      0x17a ./Middlewares/ST/STM32_ExtMem_Manager/stm32_sal_xspi.o
                0x3418c760                SAL_XSPI_EnableQuadMode
 *fill*         0x3418c8da        0x2 
 .text.SAL_XSPI_MemoryConfig
                0x3418c8dc      0x2a4 ./Middlewares/ST/STM32_ExtMem_Manager/stm32_sal_xspi.o
                0x3418c8dc                SAL_XSPI_MemoryConfig
 .text.SAL_XSPI_GetSFDP
                0x3418cb80       0xc0 ./Middlewares/ST/STM32_ExtMem_Manager/stm32_sal_xspi.o
                0x3418cb80                SAL_XSPI_GetSFDP
 .text.SAL_XSPI_GetId
                0x3418cc40      0x100 ./Middlewares/ST/STM32_ExtMem_Manager/stm32_sal_xspi.o
                0x3418cc40                SAL_XSPI_GetId
 .text.SAL_XSPI_Write
                0x3418cd40       0xc0 ./Middlewares/ST/STM32_ExtMem_Manager/stm32_sal_xspi.o
                0x3418cd40                SAL_XSPI_Write
 .text.SAL_XSPI_CommandSendData
                0x3418ce00       0xa8 ./Middlewares/ST/STM32_ExtMem_Manager/stm32_sal_xspi.o
                0x3418ce00                SAL_XSPI_CommandSendData
 .text.SAL_XSPI_SendReadCommand
                0x3418cea8       0xa8 ./Middlewares/ST/STM32_ExtMem_Manager/stm32_sal_xspi.o
                0x3418cea8                SAL_XSPI_SendReadCommand
 .text.SAL_XSPI_CommandSendReadAddress
                0x3418cf50       0xca ./Middlewares/ST/STM32_ExtMem_Manager/stm32_sal_xspi.o
                0x3418cf50                SAL_XSPI_CommandSendReadAddress
 .text.SAL_XSPI_CheckStatusRegister
                0x3418d01a       0xf2 ./Middlewares/ST/STM32_ExtMem_Manager/stm32_sal_xspi.o
                0x3418d01a                SAL_XSPI_CheckStatusRegister
 .text.SAL_XSPI_EnableMapMode
                0x3418d10c       0xf6 ./Middlewares/ST/STM32_ExtMem_Manager/stm32_sal_xspi.o
                0x3418d10c                SAL_XSPI_EnableMapMode
 .text.SAL_XSPI_DisableMapMode
                0x3418d202       0x22 ./Middlewares/ST/STM32_ExtMem_Manager/stm32_sal_xspi.o
                0x3418d202                SAL_XSPI_DisableMapMode
 .text.SAL_XSPI_UpdateMemoryType
                0x3418d224       0x70 ./Middlewares/ST/STM32_ExtMem_Manager/stm32_sal_xspi.o
                0x3418d224                SAL_XSPI_UpdateMemoryType
 .text.SAL_XSPI_Abort
                0x3418d294       0x1c ./Middlewares/ST/STM32_ExtMem_Manager/stm32_sal_xspi.o
                0x3418d294                SAL_XSPI_Abort
 .text.XSPI_FormatCommand
                0x3418d2b0       0x52 ./Middlewares/ST/STM32_ExtMem_Manager/stm32_sal_xspi.o
                0x3418d2b0                XSPI_FormatCommand
 .text.XSPI_Transmit
                0x3418d302       0x26 ./Middlewares/ST/STM32_ExtMem_Manager/stm32_sal_xspi.o
                0x3418d302                XSPI_Transmit
 .text.SFDP_ReadHeader
                0x3418d328       0x7a ./Middlewares/ST/STM32_ExtMem_Manager/stm32_sfdp_data.o
                0x3418d328                SFDP_ReadHeader
 *fill*         0x3418d3a2        0x2 
 .text.SFDP_GetHeader
                0x3418d3a4       0xbc ./Middlewares/ST/STM32_ExtMem_Manager/stm32_sfdp_data.o
                0x3418d3a4                SFDP_GetHeader
 .text.SFDP_CollectData
                0x3418d460      0x1b8 ./Middlewares/ST/STM32_ExtMem_Manager/stm32_sfdp_data.o
                0x3418d460                SFDP_CollectData
 .text.SFDP_MemoryReset
                0x3418d618      0x1b8 ./Middlewares/ST/STM32_ExtMem_Manager/stm32_sfdp_data.o
                0x3418d618                SFDP_MemoryReset
 .text.SFDP_BuildGenericDriver
                0x3418d7d0      0xe24 ./Middlewares/ST/STM32_ExtMem_Manager/stm32_sfdp_data.o
                0x3418d7d0                SFDP_BuildGenericDriver
 .text.driver_check_FlagBUSY
                0x3418e5f4       0x7c ./Middlewares/ST/STM32_ExtMem_Manager/stm32_sfdp_data.o
                0x3418e5f4                driver_check_FlagBUSY
 .text.sfdp_getfrequencevalue
                0x3418e670       0x4c ./Middlewares/ST/STM32_ExtMem_Manager/stm32_sfdp_data.o
                0x3418e670                sfdp_getfrequencevalue
 .text.sfdp_get_paraminfo
                0x3418e6bc      0x1f8 ./Middlewares/ST/STM32_ExtMem_Manager/stm32_sfdp_data.o
                0x3418e6bc                sfdp_get_paraminfo
 .text.sfdp_enter_octal_mode
                0x3418e8b4      0x1c8 ./Middlewares/ST/STM32_ExtMem_Manager/stm32_sfdp_data.o
                0x3418e8b4                sfdp_enter_octal_mode
 .text.sfdp_set_dummycycle
                0x3418ea7c      0x1c8 ./Middlewares/ST/STM32_ExtMem_Manager/stm32_sfdp_data.o
                0x3418ea7c                sfdp_set_dummycycle
 .text.JEDEC_Basic_ManageQuadEnableRequirement
                0x3418ec44      0x178 ./Middlewares/ST/STM32_ExtMem_Manager/stm32_sfdp_data.o
                0x3418ec44                JEDEC_Basic_ManageQuadEnableRequirement
 .text.JEDEC_Basic_Manage4S4S4SEnableSequence
                0x3418edbc       0x80 ./Middlewares/ST/STM32_ExtMem_Manager/stm32_sfdp_data.o
                0x3418edbc                JEDEC_Basic_Manage4S4S4SEnableSequence
 .text.CheckSFDP_Signature
                0x3418ee3c       0x54 ./Middlewares/ST/STM32_ExtMem_Manager/stm32_sfdp_data.o
                0x3418ee3c                CheckSFDP_Signature
 .text.EXTMEM_DRIVER_NOR_SFDP_Init
                0x3418ee90      0x174 ./Middlewares/ST/STM32_ExtMem_Manager/stm32_sfdp_driver.o
                0x3418ee90                EXTMEM_DRIVER_NOR_SFDP_Init
 .text.EXTMEM_DRIVER_NOR_SFDP_DeInit
                0x3418f004       0x1e ./Middlewares/ST/STM32_ExtMem_Manager/stm32_sfdp_driver.o
                0x3418f004                EXTMEM_DRIVER_NOR_SFDP_DeInit
 .text.EXTMEM_DRIVER_NOR_SFDP_Enable_MemoryMappedMode
                0x3418f022       0x42 ./Middlewares/ST/STM32_ExtMem_Manager/stm32_sfdp_driver.o
                0x3418f022                EXTMEM_DRIVER_NOR_SFDP_Enable_MemoryMappedMode
 .text.EXTMEM_DRIVER_NOR_SFDP_Disable_MemoryMappedMode
                0x3418f064       0x2c ./Middlewares/ST/STM32_ExtMem_Manager/stm32_sfdp_driver.o
                0x3418f064                EXTMEM_DRIVER_NOR_SFDP_Disable_MemoryMappedMode
 .text.memset   0x3418f090       0x10 C:/ST/STM32CubeIDE_2.0.0/STM32CubeIDE/plugins/com.st.stm32cube.ide.mcu.externaltools.gnu-tools-for-stm32.13.3.rel1.win32_1.0.100.202509120712/tools/bin/../lib/gcc/arm-none-eabi/13.3.1/../../../../arm-none-eabi/lib/thumb/v8-m.main+dp/hard\libc_nano.a(libc_a-memset.o)
                0x3418f090                memset
 .text.__libc_init_array
                0x3418f0a0       0x48 C:/ST/STM32CubeIDE_2.0.0/STM32CubeIDE/plugins/com.st.stm32cube.ide.mcu.externaltools.gnu-tools-for-stm32.13.3.rel1.win32_1.0.100.202509120712/tools/bin/../lib/gcc/arm-none-eabi/13.3.1/../../../../arm-none-eabi/lib/thumb/v8-m.main+dp/hard\libc_nano.a(libc_a-init.o)
                0x3418f0a0                __libc_init_array
 .text.memcpy   0x3418f0e8       0x1a C:/ST/STM32CubeIDE_2.0.0/STM32CubeIDE/plugins/com.st.stm32cube.ide.mcu.externaltools.gnu-tools-for-stm32.13.3.rel1.win32_1.0.100.202509120712/tools/bin/../lib/gcc/arm-none-eabi/13.3.1/../../../../arm-none-eabi/lib/thumb/v8-m.main+dp/hard\libc_nano.a(libc_a-memcpy-stub.o)
                0x3418f0e8                memcpy
 *(.glue_7)
 .glue_7        0x3418f102        0x0 linker stubs
 *(.glue_7t)
 .glue_7t       0x3418f102        0x0 linker stubs
 *(.eh_frame)
 *fill*         0x3418f102        0x2 
 .eh_frame      0x3418f104        0x0 C:/ST/STM32CubeIDE_2.0.0/STM32CubeIDE/plugins/com.st.stm32cube.ide.mcu.externaltools.gnu-tools-for-stm32.13.3.rel1.win32_1.0.100.202509120712/tools/bin/../lib/gcc/arm-none-eabi/13.3.1/thumb/v8-m.main+dp/hard/crtbegin.o
 *(.RamFunc)
 *(.RamFunc*)
 *(.init)
 .init          0x3418f104        0x4 C:/ST/STM32CubeIDE_2.0.0/STM32CubeIDE/plugins/com.st.stm32cube.ide.mcu.externaltools.gnu-tools-for-stm32.13.3.rel1.win32_1.0.100.202509120712/tools/bin/../lib/gcc/arm-none-eabi/13.3.1/thumb/v8-m.main+dp/hard/crti.o
                0x3418f104                _init
 .init          0x3418f108        0x8 C:/ST/STM32CubeIDE_2.0.0/STM32CubeIDE/plugins/com.st.stm32cube.ide.mcu.externaltools.gnu-tools-for-stm32.13.3.rel1.win32_1.0.100.202509120712/tools/bin/../lib/gcc/arm-none-eabi/13.3.1/thumb/v8-m.main+dp/hard/crtn.o
 *(.fini)
 .fini          0x3418f110        0x4 C:/ST/STM32CubeIDE_2.0.0/STM32CubeIDE/plugins/com.st.stm32cube.ide.mcu.externaltools.gnu-tools-for-stm32.13.3.rel1.win32_1.0.100.202509120712/tools/bin/../lib/gcc/arm-none-eabi/13.3.1/thumb/v8-m.main+dp/hard/crti.o
                0x3418f110                _fini
 .fini          0x3418f114        0x8 C:/ST/STM32CubeIDE_2.0.0/STM32CubeIDE/plugins/com.st.stm32cube.ide.mcu.externaltools.gnu-tools-for-stm32.13.3.rel1.win32_1.0.100.202509120712/tools/bin/../lib/gcc/arm-none-eabi/13.3.1/thumb/v8-m.main+dp/hard/crtn.o
                0x3418f11c                        . = ALIGN (0x4)
                0x3418f11c                        _etext = .

.vfp11_veneer   0x3418f11c        0x0
 .vfp11_veneer  0x3418f11c        0x0 linker stubs

.v4_bx          0x3418f11c        0x0
 .v4_bx         0x3418f11c        0x0 linker stubs

.iplt           0x3418f11c        0x0
 .iplt          0x3418f11c        0x0 C:/ST/STM32CubeIDE_2.0.0/STM32CubeIDE/plugins/com.st.stm32cube.ide.mcu.externaltools.gnu-tools-for-stm32.13.3.rel1.win32_1.0.100.202509120712/tools/bin/../lib/gcc/arm-none-eabi/13.3.1/thumb/v8-m.main+dp/hard/crtbegin.o

.rodata         0x3418f11c       0x44
                0x3418f11c                        . = ALIGN (0x4)
 *(.rodata)
 .rodata        0x3418f11c       0x2a ./Middlewares/ST/STM32_ExtMem_Manager/stm32_sfdp_data.o
 *(.rodata*)
 *fill*         0x3418f146        0x2 
 .rodata.block_erase_unit.2
                0x3418f148        0x8 ./Middlewares/ST/STM32_ExtMem_Manager/stm32_sfdp_data.o
 .rodata.chip_erase_unit.1
                0x3418f150       0x10 ./Middlewares/ST/STM32_ExtMem_Manager/stm32_sfdp_data.o
                0x3418f160                        . = ALIGN (0x4)

.ARM.extab      0x3418f160        0x0
                0x3418f160                        . = ALIGN (0x4)
 *(.ARM.extab* .gnu.linkonce.armextab.*)
                0x3418f160                        . = ALIGN (0x4)

.ARM            0x3418f160        0x0
                0x3418f160                        . = ALIGN (0x4)
                0x3418f160                        __exidx_start = .
 *(.ARM.exidx*)
                0x3418f160                        __exidx_end = .
                0x3418f160                        . = ALIGN (0x4)

.preinit_array  0x3418f160        0x0
                0x3418f160                        . = ALIGN (0x4)
                0x3418f160                        PROVIDE (__preinit_array_start = .)
 *(.preinit_array*)
                0x3418f160                        PROVIDE (__preinit_array_end = .)
                0x3418f160                        . = ALIGN (0x4)

.init_array     0x3418f160        0x4
                0x3418f160                        . = ALIGN (0x4)
                0x3418f160                        PROVIDE (__init_array_start = .)
 *(SORT_BY_NAME(.init_array.*))
 *(.init_array*)
 .init_array    0x3418f160        0x4 C:/ST/STM32CubeIDE_2.0.0/STM32CubeIDE/plugins/com.st.stm32cube.ide.mcu.externaltools.gnu-tools-for-stm32.13.3.rel1.win32_1.0.100.202509120712/tools/bin/../lib/gcc/arm-none-eabi/13.3.1/thumb/v8-m.main+dp/hard/crtbegin.o
                0x3418f164                        PROVIDE (__init_array_end = .)
                0x3418f164                        . = ALIGN (0x4)

.fini_array     0x3418f164        0x4
                0x3418f164                        . = ALIGN (0x4)
                [!provide]                        PROVIDE (__fini_array_start = .)
 *(SORT_BY_NAME(.fini_array.*))
 *(.fini_array*)
 .fini_array    0x3418f164        0x4 C:/ST/STM32CubeIDE_2.0.0/STM32CubeIDE/plugins/com.st.stm32cube.ide.mcu.externaltools.gnu-tools-for-stm32.13.3.rel1.win32_1.0.100.202509120712/tools/bin/../lib/gcc/arm-none-eabi/13.3.1/thumb/v8-m.main+dp/hard/crtbegin.o
                [!provide]                        PROVIDE (__fini_array_end = .)
                0x3418f168                        . = ALIGN (0x4)
                0x3418f168                        _sidata = LOADADDR (.data)

.rel.dyn        0x3418f168        0x0
 .rel.iplt      0x3418f168        0x0 C:/ST/STM32CubeIDE_2.0.0/STM32CubeIDE/plugins/com.st.stm32cube.ide.mcu.externaltools.gnu-tools-for-stm32.13.3.rel1.win32_1.0.100.202509120712/tools/bin/../lib/gcc/arm-none-eabi/13.3.1/thumb/v8-m.main+dp/hard/crtbegin.o

.data           0x341c0000       0x10 load address 0x3418f168
                0x341c0000                        . = ALIGN (0x4)
                0x341c0000                        _sdata = .
 *(.data)
 *(.data*)
 .data.SystemCoreClock
                0x341c0000        0x4 ./Core/Src/system_stm32n6xx_fsbl.o
                0x341c0000                SystemCoreClock
 .data.uwTickPrio
                0x341c0004        0x4 ./Drivers/STM32N6xx_HAL_Driver/stm32n6xx_hal.o
                0x341c0004                uwTickPrio
 .data.uwTickFreq
                0x341c0008        0x1 ./Drivers/STM32N6xx_HAL_Driver/stm32n6xx_hal.o
                0x341c0008                uwTickFreq
 *fill*         0x341c0009        0x3 
 .data.debug_macronix_override.0
                0x341c000c        0x4 ./Middlewares/ST/STM32_ExtMem_Manager/stm32_sfdp_data.o
                0x341c0010                        . = ALIGN (0x4)
                0x341c0010                        _edata = .

.igot.plt       0x341c0010        0x0 load address 0x3418f178
 .igot.plt      0x341c0010        0x0 C:/ST/STM32CubeIDE_2.0.0/STM32CubeIDE/plugins/com.st.stm32cube.ide.mcu.externaltools.gnu-tools-for-stm32.13.3.rel1.win32_1.0.100.202509120712/tools/bin/../lib/gcc/arm-none-eabi/13.3.1/thumb/v8-m.main+dp/hard/crtbegin.o

.noncacheable   0x341c0010        0x0 load address 0x3418f178
                0x341c0010                        . = ALIGN (0x8)
                0x341c0010                        __snoncacheable = .
 *(.noncacheable)
                0x341c0010                        . = ALIGN (0x8)
                0x341c0010                        __enoncacheable = .

.gnu.sgstubs    0x3418f180       0x20
                0x3418f180                        . = ALIGN (0x4)
 *(.gnu.sgstubs*)
                0x3418f180                        . = ALIGN (0x4)
 .gnu.sgstubs.__stub
                0x3418f180        0x8 linker stubs
                0x3418f180                SECURE_SystemCoreClockUpdate
                0x3418f188                        . = ALIGN (0x4)

.bss            0x341c0010      0x2bc
                0x341c0010                        _sbss = .
                0x341c0010                        __bss_start__ = _sbss
 *(.bss)
 .bss           0x341c0010       0x1c C:/ST/STM32CubeIDE_2.0.0/STM32CubeIDE/plugins/com.st.stm32cube.ide.mcu.externaltools.gnu-tools-for-stm32.13.3.rel1.win32_1.0.100.202509120712/tools/bin/../lib/gcc/arm-none-eabi/13.3.1/thumb/v8-m.main+dp/hard/crtbegin.o
 *(.bss*)
 .bss.hxspi2    0x341c002c       0x64 ./Core/Src/main.o
                0x341c002c                hxspi2
 .bss.uwTick    0x341c0090        0x4 ./Drivers/STM32N6xx_HAL_Driver/stm32n6xx_hal.o
                0x341c0090                uwTick
 .bss.JumpToApp.0
                0x341c0094        0x4 ./Middlewares/ST/STM32_ExtMem_Manager/stm32_boot_xip.o
 .bss.extmem_list_config
                0x341c0098       0xac ./Middlewares/ST/STM32_ExtMem_Manager/stm32_extmem.o
                0x341c0098                extmem_list_config
 .bss.sfdp_param_info
                0x341c0144       0x78 ./Middlewares/ST/STM32_ExtMem_Manager/stm32_sfdp_data.o
 .bss.JEDEC_Basic
                0x341c01bc       0x60 ./Middlewares/ST/STM32_ExtMem_Manager/stm32_sfdp_data.o
 .bss.JEDEC_Address4Bytes
                0x341c021c        0x8 ./Middlewares/ST/STM32_ExtMem_Manager/stm32_sfdp_data.o
 .bss.JEDEC_XSPI10
                0x341c0224       0x18 ./Middlewares/ST/STM32_ExtMem_Manager/stm32_sfdp_data.o
 .bss.JEDEC_SCCR_Map
                0x341c023c       0x70 ./Middlewares/ST/STM32_ExtMem_Manager/stm32_sfdp_data.o
 .bss.JEDEC_OctalDdr
                0x341c02ac       0x20 ./Middlewares/ST/STM32_ExtMem_Manager/stm32_sfdp_data.o
 *(COMMON)
                0x341c02cc                        . = ALIGN (0x4)
                0x341c02cc                        _ebss = .
                0x341c02cc                        __bss_end__ = _ebss

._user_heap_stack
                0x341c02cc      0xa04
                0x341c02d0                        . = ALIGN (0x8)
 *fill*         0x341c02cc        0x4 
                [!provide]                        PROVIDE (end = .)
                0x341c02d0                        PROVIDE (_end = .)
                0x341c04d0                        . = (. + _Min_Heap_Size)
 *fill*         0x341c02d0      0x200 
                0x341c0cd0                        . = (. + _Min_Stack_Size)
 *fill*         0x341c04d0      0x800 
                0x341c0cd0                        . = ALIGN (0x8)

/DISCARD/
 libc.a(*)
 libm.a(*)
 libgcc.a(*)

.ARM.attributes
                0x00000000       0x3a
 *(.ARM.attributes)
 .ARM.attributes
                0x00000000       0x24 C:/ST/STM32CubeIDE_2.0.0/STM32CubeIDE/plugins/com.st.stm32cube.ide.mcu.externaltools.gnu-tools-for-stm32.13.3.rel1.win32_1.0.100.202509120712/tools/bin/../lib/gcc/arm-none-eabi/13.3.1/thumb/v8-m.main+dp/hard/crti.o
 .ARM.attributes
                0x00000024       0x36 C:/ST/STM32CubeIDE_2.0.0/STM32CubeIDE/plugins/com.st.stm32cube.ide.mcu.externaltools.gnu-tools-for-stm32.13.3.rel1.win32_1.0.100.202509120712/tools/bin/../lib/gcc/arm-none-eabi/13.3.1/thumb/v8-m.main+dp/hard/crtbegin.o
 .ARM.attributes
                0x0000005a       0x3e ./Core/Src/extmem_manager.o
 .ARM.attributes
                0x00000098       0x3e ./Core/Src/main.o
 .ARM.attributes
                0x000000d6       0x3e ./Core/Src/stm32n6xx_hal_msp.o
 .ARM.attributes
                0x00000114       0x3e ./Core/Src/stm32n6xx_it.o
 .ARM.attributes
                0x00000152       0x3e ./Core/Src/system_stm32n6xx_fsbl.o
 .ARM.attributes
                0x00000190       0x22 ./Core/Startup/startup_stm32n645l0hxq_fsbl.o
 .ARM.attributes
                0x000001b2       0x3e ./Drivers/STM32N6xx_HAL_Driver/stm32n6xx_hal.o
 .ARM.attributes
                0x000001f0       0x3e ./Drivers/STM32N6xx_HAL_Driver/stm32n6xx_hal_cortex.o
 .ARM.attributes
                0x0000022e       0x3e ./Drivers/STM32N6xx_HAL_Driver/stm32n6xx_hal_dma.o
 .ARM.attributes
                0x0000026c       0x3e ./Drivers/STM32N6xx_HAL_Driver/stm32n6xx_hal_gpio.o
 .ARM.attributes
                0x000002aa       0x3e ./Drivers/STM32N6xx_HAL_Driver/stm32n6xx_hal_pwr_ex.o
 .ARM.attributes
                0x000002e8       0x3e ./Drivers/STM32N6xx_HAL_Driver/stm32n6xx_hal_rcc.o
 .ARM.attributes
                0x00000326       0x3e ./Drivers/STM32N6xx_HAL_Driver/stm32n6xx_hal_rcc_ex.o
 .ARM.attributes
                0x00000364       0x3e ./Drivers/STM32N6xx_HAL_Driver/stm32n6xx_hal_xspi.o
 .ARM.attributes
                0x000003a2       0x3e ./Middlewares/ST/STM32_ExtMem_Manager/stm32_boot_xip.o
 .ARM.attributes
                0x000003e0       0x3e ./Middlewares/ST/STM32_ExtMem_Manager/stm32_extmem.o
 .ARM.attributes
                0x0000041e       0x3e ./Middlewares/ST/STM32_ExtMem_Manager/stm32_sal_xspi.o
 .ARM.attributes
                0x0000045c       0x3e ./Middlewares/ST/STM32_ExtMem_Manager/stm32_sfdp_data.o
 .ARM.attributes
                0x0000049a       0x3e ./Middlewares/ST/STM32_ExtMem_Manager/stm32_sfdp_driver.o
 .ARM.attributes
                0x000004d8       0x36 C:/ST/STM32CubeIDE_2.0.0/STM32CubeIDE/plugins/com.st.stm32cube.ide.mcu.externaltools.gnu-tools-for-stm32.13.3.rel1.win32_1.0.100.202509120712/tools/bin/../lib/gcc/arm-none-eabi/13.3.1/../../../../arm-none-eabi/lib/thumb/v8-m.main+dp/hard\libc_nano.a(libc_a-memset.o)
 .ARM.attributes
                0x0000050e       0x36 C:/ST/STM32CubeIDE_2.0.0/STM32CubeIDE/plugins/com.st.stm32cube.ide.mcu.externaltools.gnu-tools-for-stm32.13.3.rel1.win32_1.0.100.202509120712/tools/bin/../lib/gcc/arm-none-eabi/13.3.1/../../../../arm-none-eabi/lib/thumb/v8-m.main+dp/hard\libc_nano.a(libc_a-init.o)
 .ARM.attributes
                0x00000544       0x36 C:/ST/STM32CubeIDE_2.0.0/STM32CubeIDE/plugins/com.st.stm32cube.ide.mcu.externaltools.gnu-tools-for-stm32.13.3.rel1.win32_1.0.100.202509120712/tools/bin/../lib/gcc/arm-none-eabi/13.3.1/../../../../arm-none-eabi/lib/thumb/v8-m.main+dp/hard\libc_nano.a(libc_a-memcpy-stub.o)
 .ARM.attributes
                0x0000057a       0x24 C:/ST/STM32CubeIDE_2.0.0/STM32CubeIDE/plugins/com.st.stm32cube.ide.mcu.externaltools.gnu-tools-for-stm32.13.3.rel1.win32_1.0.100.202509120712/tools/bin/../lib/gcc/arm-none-eabi/13.3.1/thumb/v8-m.main+dp/hard/crtn.o
OUTPUT(XIP_FSBL.elf elf32-littlearm)
LOAD linker stubs
LOAD C:/ST/STM32CubeIDE_2.0.0/STM32CubeIDE/plugins/com.st.stm32cube.ide.mcu.externaltools.gnu-tools-for-stm32.13.3.rel1.win32_1.0.100.202509120712/tools/bin/../lib/gcc/arm-none-eabi/13.3.1/../../../../arm-none-eabi/lib/thumb/v8-m.main+dp/hard\libc.a
LOAD C:/ST/STM32CubeIDE_2.0.0/STM32CubeIDE/plugins/com.st.stm32cube.ide.mcu.externaltools.gnu-tools-for-stm32.13.3.rel1.win32_1.0.100.202509120712/tools/bin/../lib/gcc/arm-none-eabi/13.3.1/../../../../arm-none-eabi/lib/thumb/v8-m.main+dp/hard\libm.a
LOAD C:/ST/STM32CubeIDE_2.0.0/STM32CubeIDE/plugins/com.st.stm32cube.ide.mcu.externaltools.gnu-tools-for-stm32.13.3.rel1.win32_1.0.100.202509120712/tools/bin/../lib/gcc/arm-none-eabi/13.3.1/thumb/v8-m.main+dp/hard\libgcc.a

.debug_info     0x00000000    0x1dd3c
 .debug_info    0x00000000      0xfcb ./Core/Src/extmem_manager.o
 .debug_info    0x00000fcb     0x1e06 ./Core/Src/main.o
 .debug_info    0x00002dd1     0x2255 ./Core/Src/stm32n6xx_hal_msp.o
 .debug_info    0x00005026      0x138 ./Core/Src/stm32n6xx_it.o
 .debug_info    0x0000515e     0x1a77 ./Core/Src/system_stm32n6xx_fsbl.o
 .debug_info    0x00006bd5       0x30 ./Core/Startup/startup_stm32n645l0hxq_fsbl.o
 .debug_info    0x00006c05     0x2596 ./Drivers/STM32N6xx_HAL_Driver/stm32n6xx_hal.o
 .debug_info    0x0000919b     0x144f ./Drivers/STM32N6xx_HAL_Driver/stm32n6xx_hal_cortex.o
 .debug_info    0x0000a5ea      0xbfa ./Drivers/STM32N6xx_HAL_Driver/stm32n6xx_hal_dma.o
 .debug_info    0x0000b1e4      0xafd ./Drivers/STM32N6xx_HAL_Driver/stm32n6xx_hal_gpio.o
 .debug_info    0x0000bce1      0xd08 ./Drivers/STM32N6xx_HAL_Driver/stm32n6xx_hal_pwr_ex.o
 .debug_info    0x0000c9e9     0x2161 ./Drivers/STM32N6xx_HAL_Driver/stm32n6xx_hal_rcc.o
 .debug_info    0x0000eb4a     0x3841 ./Drivers/STM32N6xx_HAL_Driver/stm32n6xx_hal_rcc_ex.o
 .debug_info    0x0001238b     0x2c1c ./Drivers/STM32N6xx_HAL_Driver/stm32n6xx_hal_xspi.o
 .debug_info    0x00014fa7      0x7b6 ./Middlewares/ST/STM32_ExtMem_Manager/stm32_boot_xip.o
 .debug_info    0x0001575d     0x14fc ./Middlewares/ST/STM32_ExtMem_Manager/stm32_extmem.o
 .debug_info    0x00016c59     0x16d2 ./Middlewares/ST/STM32_ExtMem_Manager/stm32_sal_xspi.o
 .debug_info    0x0001832b     0x3ba9 ./Middlewares/ST/STM32_ExtMem_Manager/stm32_sfdp_data.o
 .debug_info    0x0001bed4     0x1e68 ./Middlewares/ST/STM32_ExtMem_Manager/stm32_sfdp_driver.o

.debug_abbrev   0x00000000     0x2c19
 .debug_abbrev  0x00000000      0x1ca ./Core/Src/extmem_manager.o
 .debug_abbrev  0x000001ca      0x2cd ./Core/Src/main.o
 .debug_abbrev  0x00000497      0x266 ./Core/Src/stm32n6xx_hal_msp.o
 .debug_abbrev  0x000006fd       0x73 ./Core/Src/stm32n6xx_it.o
 .debug_abbrev  0x00000770      0x164 ./Core/Src/system_stm32n6xx_fsbl.o
 .debug_abbrev  0x000008d4       0x24 ./Core/Startup/startup_stm32n645l0hxq_fsbl.o
 .debug_abbrev  0x000008f8      0x2bd ./Drivers/STM32N6xx_HAL_Driver/stm32n6xx_hal.o
 .debug_abbrev  0x00000bb5      0x330 ./Drivers/STM32N6xx_HAL_Driver/stm32n6xx_hal_cortex.o
 .debug_abbrev  0x00000ee5      0x1dd ./Drivers/STM32N6xx_HAL_Driver/stm32n6xx_hal_dma.o
 .debug_abbrev  0x000010c2      0x24d ./Drivers/STM32N6xx_HAL_Driver/stm32n6xx_hal_gpio.o
 .debug_abbrev  0x0000130f      0x265 ./Drivers/STM32N6xx_HAL_Driver/stm32n6xx_hal_pwr_ex.o
 .debug_abbrev  0x00001574      0x36a ./Drivers/STM32N6xx_HAL_Driver/stm32n6xx_hal_rcc.o
 .debug_abbrev  0x000018de      0x305 ./Drivers/STM32N6xx_HAL_Driver/stm32n6xx_hal_rcc_ex.o
 .debug_abbrev  0x00001be3      0x2b7 ./Drivers/STM32N6xx_HAL_Driver/stm32n6xx_hal_xspi.o
 .debug_abbrev  0x00001e9a      0x253 ./Middlewares/ST/STM32_ExtMem_Manager/stm32_boot_xip.o
 .debug_abbrev  0x000020ed      0x28b ./Middlewares/ST/STM32_ExtMem_Manager/stm32_extmem.o
 .debug_abbrev  0x00002378      0x268 ./Middlewares/ST/STM32_ExtMem_Manager/stm32_sal_xspi.o
 .debug_abbrev  0x000025e0      0x2d5 ./Middlewares/ST/STM32_ExtMem_Manager/stm32_sfdp_data.o
 .debug_abbrev  0x000028b5      0x364 ./Middlewares/ST/STM32_ExtMem_Manager/stm32_sfdp_driver.o

.debug_aranges  0x00000000     0x17f8
 .debug_aranges
                0x00000000       0x20 ./Core/Src/extmem_manager.o
 .debug_aranges
                0x00000020       0x48 ./Core/Src/main.o
 .debug_aranges
                0x00000068       0x48 ./Core/Src/stm32n6xx_hal_msp.o
 .debug_aranges
                0x000000b0       0x68 ./Core/Src/stm32n6xx_it.o
 .debug_aranges
                0x00000118       0x30 ./Core/Src/system_stm32n6xx_fsbl.o
 .debug_aranges
                0x00000148       0x28 ./Core/Startup/startup_stm32n645l0hxq_fsbl.o
 .debug_aranges
                0x00000170      0x360 ./Drivers/STM32N6xx_HAL_Driver/stm32n6xx_hal.o
 .debug_aranges
                0x000004d0      0x178 ./Drivers/STM32N6xx_HAL_Driver/stm32n6xx_hal_cortex.o
 .debug_aranges
                0x00000648       0xb8 ./Drivers/STM32N6xx_HAL_Driver/stm32n6xx_hal_dma.o
 .debug_aranges
                0x00000700       0xa8 ./Drivers/STM32N6xx_HAL_Driver/stm32n6xx_hal_gpio.o
 .debug_aranges
                0x000007a8      0x260 ./Drivers/STM32N6xx_HAL_Driver/stm32n6xx_hal_pwr_ex.o
 .debug_aranges
                0x00000a08      0x2a0 ./Drivers/STM32N6xx_HAL_Driver/stm32n6xx_hal_rcc.o
 .debug_aranges
                0x00000ca8      0x758 ./Drivers/STM32N6xx_HAL_Driver/stm32n6xx_hal_rcc_ex.o
 .debug_aranges
                0x00001400      0x1a8 ./Drivers/STM32N6xx_HAL_Driver/stm32n6xx_hal_xspi.o
 .debug_aranges
                0x000015a8       0x30 ./Middlewares/ST/STM32_ExtMem_Manager/stm32_boot_xip.o
 .debug_aranges
                0x000015d8       0x68 ./Middlewares/ST/STM32_ExtMem_Manager/stm32_extmem.o
 .debug_aranges
                0x00001640       0xc0 ./Middlewares/ST/STM32_ExtMem_Manager/stm32_sal_xspi.o
 .debug_aranges
                0x00001700       0x80 ./Middlewares/ST/STM32_ExtMem_Manager/stm32_sfdp_data.o
 .debug_aranges
                0x00001780       0x78 ./Middlewares/ST/STM32_ExtMem_Manager/stm32_sfdp_driver.o

.debug_rnglists
                0x00000000     0x1232
 .debug_rnglists
                0x00000000       0x13 ./Core/Src/extmem_manager.o
 .debug_rnglists
                0x00000013       0x33 ./Core/Src/main.o
 .debug_rnglists
                0x00000046       0x32 ./Core/Src/stm32n6xx_hal_msp.o
 .debug_rnglists
                0x00000078       0x49 ./Core/Src/stm32n6xx_it.o
 .debug_rnglists
                0x000000c1       0x21 ./Core/Src/system_stm32n6xx_fsbl.o
 .debug_rnglists
                0x000000e2       0x19 ./Core/Startup/startup_stm32n645l0hxq_fsbl.o
 .debug_rnglists
                0x000000fb      0x286 ./Drivers/STM32N6xx_HAL_Driver/stm32n6xx_hal.o
 .debug_rnglists
                0x00000381      0x115 ./Drivers/STM32N6xx_HAL_Driver/stm32n6xx_hal_cortex.o
 .debug_rnglists
                0x00000496       0x91 ./Drivers/STM32N6xx_HAL_Driver/stm32n6xx_hal_dma.o
 .debug_rnglists
                0x00000527       0x80 ./Drivers/STM32N6xx_HAL_Driver/stm32n6xx_hal_gpio.o
 .debug_rnglists
                0x000005a7      0x1c9 ./Drivers/STM32N6xx_HAL_Driver/stm32n6xx_hal_pwr_ex.o
 .debug_rnglists
                0x00000770      0x201 ./Drivers/STM32N6xx_HAL_Driver/stm32n6xx_hal_rcc.o
 .debug_rnglists
                0x00000971      0x5a1 ./Drivers/STM32N6xx_HAL_Driver/stm32n6xx_hal_rcc_ex.o
 .debug_rnglists
                0x00000f12      0x14f ./Drivers/STM32N6xx_HAL_Driver/stm32n6xx_hal_xspi.o
 .debug_rnglists
                0x00001061       0x20 ./Middlewares/ST/STM32_ExtMem_Manager/stm32_boot_xip.o
 .debug_rnglists
                0x00001081       0x4d ./Middlewares/ST/STM32_ExtMem_Manager/stm32_extmem.o
 .debug_rnglists
                0x000010ce       0x97 ./Middlewares/ST/STM32_ExtMem_Manager/stm32_sal_xspi.o
 .debug_rnglists
                0x00001165       0x64 ./Middlewares/ST/STM32_ExtMem_Manager/stm32_sfdp_data.o
 .debug_rnglists
                0x000011c9       0x69 ./Middlewares/ST/STM32_ExtMem_Manager/stm32_sfdp_driver.o

.debug_macro    0x00000000    0x505c3
 .debug_macro   0x00000000      0x30e ./Core/Src/extmem_manager.o
 .debug_macro   0x0000030e      0xb5c ./Core/Src/extmem_manager.o
 .debug_macro   0x00000e6a       0x2e ./Core/Src/extmem_manager.o
 .debug_macro   0x00000e98      0x1d3 ./Core/Src/extmem_manager.o
 .debug_macro   0x0000106b      0x190 ./Core/Src/extmem_manager.o
 .debug_macro   0x000011fb       0x63 ./Core/Src/extmem_manager.o
 .debug_macro   0x0000125e       0x2e ./Core/Src/extmem_manager.o
 .debug_macro   0x0000128c       0x6c ./Core/Src/extmem_manager.o
 .debug_macro   0x000012f8       0x22 ./Core/Src/extmem_manager.o
 .debug_macro   0x0000131a       0x8e ./Core/Src/extmem_manager.o
 .debug_macro   0x000013a8       0x51 ./Core/Src/extmem_manager.o
 .debug_macro   0x000013f9      0x103 ./Core/Src/extmem_manager.o
 .debug_macro   0x000014fc       0x6a ./Core/Src/extmem_manager.o
 .debug_macro   0x00001566      0x1df ./Core/Src/extmem_manager.o
 .debug_macro   0x00001745       0x2e ./Core/Src/extmem_manager.o
 .debug_macro   0x00001773       0x17 ./Core/Src/extmem_manager.o
 .debug_macro   0x0000178a       0x34 ./Core/Src/extmem_manager.o
 .debug_macro   0x000017be      0x26d ./Core/Src/extmem_manager.o
 .debug_macro   0x00001a2b       0x3a ./Core/Src/extmem_manager.o
 .debug_macro   0x00001a65     0x2f0c ./Core/Src/extmem_manager.o
 .debug_macro   0x00004971      0x130 ./Core/Src/extmem_manager.o
 .debug_macro   0x00004aa1      0x344 ./Core/Src/extmem_manager.o
 .debug_macro   0x00004de5      0x146 ./Core/Src/extmem_manager.o
 .debug_macro   0x00004f2b       0x22 ./Core/Src/extmem_manager.o
 .debug_macro   0x00004f4d    0x3c539 ./Core/Src/extmem_manager.o
 .debug_macro   0x00041486       0x6c ./Core/Src/extmem_manager.o
 .debug_macro   0x000414f2     0x3486 ./Core/Src/extmem_manager.o
 .debug_macro   0x00044978       0x61 ./Core/Src/extmem_manager.o
 .debug_macro   0x000449d9       0x29 ./Core/Src/extmem_manager.o
 .debug_macro   0x00044a02       0x43 ./Core/Src/extmem_manager.o
 .debug_macro   0x00044a45       0x34 ./Core/Src/extmem_manager.o
 .debug_macro   0x00044a79      0x370 ./Core/Src/extmem_manager.o
 .debug_macro   0x00044de9       0x16 ./Core/Src/extmem_manager.o
 .debug_macro   0x00044dff       0x4a ./Core/Src/extmem_manager.o
 .debug_macro   0x00044e49       0x34 ./Core/Src/extmem_manager.o
 .debug_macro   0x00044e7d       0x10 ./Core/Src/extmem_manager.o
 .debug_macro   0x00044e8d       0x58 ./Core/Src/extmem_manager.o
 .debug_macro   0x00044ee5       0x8e ./Core/Src/extmem_manager.o
 .debug_macro   0x00044f73       0x1c ./Core/Src/extmem_manager.o
 .debug_macro   0x00044f8f      0x185 ./Core/Src/extmem_manager.o
 .debug_macro   0x00045114      0x19b ./Core/Src/extmem_manager.o
 .debug_macro   0x000452af       0x72 ./Core/Src/extmem_manager.o
 .debug_macro   0x00045321      0x47a ./Core/Src/extmem_manager.o
 .debug_macro   0x0004579b     0x10fe ./Core/Src/extmem_manager.o
 .debug_macro   0x00046899     0x2772 ./Core/Src/extmem_manager.o
 .debug_macro   0x0004900b      0xfd4 ./Core/Src/extmem_manager.o
 .debug_macro   0x00049fdf      0x1af ./Core/Src/extmem_manager.o
 .debug_macro   0x0004a18e      0x2c9 ./Core/Src/extmem_manager.o
 .debug_macro   0x0004a457      0x2c4 ./Core/Src/extmem_manager.o
 .debug_macro   0x0004a71b      0xa36 ./Core/Src/extmem_manager.o
 .debug_macro   0x0004b151      0x7b2 ./Core/Src/extmem_manager.o
 .debug_macro   0x0004b903       0xeb ./Core/Src/extmem_manager.o
 .debug_macro   0x0004b9ee      0x216 ./Core/Src/extmem_manager.o
 .debug_macro   0x0004bc04      0x36b ./Core/Src/extmem_manager.o
 .debug_macro   0x0004bf6f      0x303 ./Core/Src/extmem_manager.o
 .debug_macro   0x0004c272      0x46a ./Core/Src/extmem_manager.o
 .debug_macro   0x0004c6dc      0x72d ./Core/Src/extmem_manager.o
 .debug_macro   0x0004ce09      0x5e6 ./Core/Src/extmem_manager.o
 .debug_macro   0x0004d3ef       0x10 ./Core/Src/extmem_manager.o
 .debug_macro   0x0004d3ff       0x22 ./Core/Src/extmem_manager.o
 .debug_macro   0x0004d421       0x2e ./Core/Src/extmem_manager.o
 .debug_macro   0x0004d44f       0x40 ./Core/Src/extmem_manager.o
 .debug_macro   0x0004d48f       0x16 ./Core/Src/extmem_manager.o
 .debug_macro   0x0004d4a5       0x16 ./Core/Src/extmem_manager.o
 .debug_macro   0x0004d4bb       0x3c ./Core/Src/extmem_manager.o
 .debug_macro   0x0004d4f7       0x20 ./Core/Src/extmem_manager.o
 .debug_macro   0x0004d517      0x2e7 ./Core/Src/main.o
 .debug_macro   0x0004d7fe       0x16 ./Core/Src/main.o
 .debug_macro   0x0004d814      0x29b ./Core/Src/stm32n6xx_hal_msp.o
 .debug_macro   0x0004daaf      0x2a5 ./Core/Src/stm32n6xx_it.o
 .debug_macro   0x0004dd54      0x2a5 ./Core/Src/system_stm32n6xx_fsbl.o
 .debug_macro   0x0004dff9      0x298 ./Drivers/STM32N6xx_HAL_Driver/stm32n6xx_hal.o
 .debug_macro   0x0004e291      0x293 ./Drivers/STM32N6xx_HAL_Driver/stm32n6xx_hal_cortex.o
 .debug_macro   0x0004e524      0x293 ./Drivers/STM32N6xx_HAL_Driver/stm32n6xx_hal_dma.o
 .debug_macro   0x0004e7b7      0x299 ./Drivers/STM32N6xx_HAL_Driver/stm32n6xx_hal_gpio.o
 .debug_macro   0x0004ea50      0x2e0 ./Drivers/STM32N6xx_HAL_Driver/stm32n6xx_hal_pwr_ex.o
 .debug_macro   0x0004ed30      0x316 ./Drivers/STM32N6xx_HAL_Driver/stm32n6xx_hal_rcc.o
 .debug_macro   0x0004f046      0x292 ./Drivers/STM32N6xx_HAL_Driver/stm32n6xx_hal_rcc_ex.o
 .debug_macro   0x0004f2d8      0x2d9 ./Drivers/STM32N6xx_HAL_Driver/stm32n6xx_hal_xspi.o
 .debug_macro   0x0004f5b1      0x2d8 ./Middlewares/ST/STM32_ExtMem_Manager/stm32_boot_xip.o
 .debug_macro   0x0004f889      0x301 ./Middlewares/ST/STM32_ExtMem_Manager/stm32_extmem.o
 .debug_macro   0x0004fb8a      0x325 ./Middlewares/ST/STM32_ExtMem_Manager/stm32_sal_xspi.o
 .debug_macro   0x0004feaf       0x2e ./Middlewares/ST/STM32_ExtMem_Manager/stm32_sal_xspi.o
 .debug_macro   0x0004fedd      0x390 ./Middlewares/ST/STM32_ExtMem_Manager/stm32_sfdp_data.o
 .debug_macro   0x0005026d      0x356 ./Middlewares/ST/STM32_ExtMem_Manager/stm32_sfdp_driver.o

.debug_line     0x00000000    0x1715d
 .debug_line    0x00000000      0xa3c ./Core/Src/extmem_manager.o
 .debug_line    0x00000a3c      0xb88 ./Core/Src/main.o